// Jest Snapshot v1, https://goo.gl/fbAQLP

exports[`CheckboxGroup组件 快照测试 基本使用 1`] = `
.c0 {
  display: -webkit-box;
  display: -webkit-flex;
  display: -ms-flexbox;
  display: flex;
  -webkit-flex-wrap: wrap;
  -ms-flex-wrap: wrap;
  flex-wrap: wrap;
  -webkit-flex-direction: row;
  -ms-flex-direction: row;
  flex-direction: row;
}

.c0 > label {
  padding-right: 8px;
}

.c0 > label:last-child {
  padding-right: 0px;
}

.c0 > label {
  -webkit-transform: translate(-11px,0px);
  -ms-transform: translate(-11px,0px);
  transform: translate(-11px,0px);
}

.c1 {
  font-size: 1rem;
  font-family: -apple-system,BlinkMacSystemFont,'Segoe UI','PingFang SC','Hiragino Sans GB','Microsoft YaHei',Roboto,'Noto Sans SC','Helvetica Neue',Helvetica,Arial,sans-serif,'Apple Color Emoji','Segoe UI Emoji','Segoe UI Symbol';
  font-weight: 400;
  color: rgba(0,0,0,0.87);
  margin: 0;
  padding: 0;
  display: -webkit-inline-box;
  display: -webkit-inline-flex;
  display: -ms-inline-flexbox;
  display: inline-flex;
  -webkit-flex-direction: row;
  -ms-flex-direction: row;
  flex-direction: row;
  -webkit-align-items: center;
  -webkit-box-align: center;
  -ms-flex-align: center;
  align-items: center;
  vertical-align: middle;
  -webkit-tap-highlight-color: transparent;
  box-sizing: border-box;
  cursor: pointer;
}

.c1 > .sinoui-checkbox,
.c1 > .sinoui-radio {
  -webkit-flex-shrink: 0;
  -ms-flex-negative: 0;
  flex-shrink: 0;
}

.c1 > .sinoui-form-control-label__title {
  word-break: break-all;
  word-wrap: break-word;
  display: -webkit-inline-box;
  display: -webkit-inline-flex;
  display: -ms-inline-flexbox;
  display: inline-flex;
  -webkit-align-items: center;
  -webkit-box-align: center;
  -ms-flex-align: center;
  align-items: center;
  line-height: 1.5;
}

.c2 {
  display: -webkit-inline-box;
  display: -webkit-inline-flex;
  display: -ms-inline-flexbox;
  display: inline-flex;
  -webkit-align-items: center;
  -webkit-box-align: center;
  -ms-flex-align: center;
  align-items: center;
  -webkit-box-pack: center;
  -webkit-justify-content: center;
  -ms-flex-pack: center;
  justify-content: center;
  position: relative;
  -webkit-tap-highlight-color: transparent;
  background-color: transparent;
  outline: 0;
  border: 0px;
  padding: 0px;
  margin: 0;
  border-radius: 0;
  vertical-align: middle;
  -webkit-appearance: none;
  -moz-appearance: none;
  appearance: none;
  -moz-appearance: none;
  -webkit-appearance: none;
  color: inherit;
  -webkit-text-decoration: none;
  text-decoration: none;
  pointer-events: default;
  cursor: pointer;
  -webkit-user-select: none;
  -moz-user-select: none;
  -ms-user-select: none;
  user-select: none;
}

.c2::-moz-focus-inner {
  border-style: none;
}

.c2:hover {
  background-color: rgba(0,0,0,0.04);
}

.c4 {
  font-size: 24px;
  width: 1em;
  height: 1em;
  fill: currentColor;
  -webkit-flex-shrink: 0;
  -ms-flex-negative: 0;
  flex-shrink: 0;
  -webkit-transition: color 200ms cubic-bezier(0.4,0.0,0.2,1) 0ms;
  transition: color 200ms cubic-bezier(0.4,0.0,0.2,1) 0ms;
  -webkit-user-select: none;
  -moz-user-select: none;
  -ms-user-select: none;
  user-select: none;
  display: inline-block;
}

.c3 {
  position: relative;
  display: -webkit-inline-box;
  display: -webkit-inline-flex;
  display: -ms-inline-flexbox;
  display: inline-flex;
  -webkit-box-pack: center;
  -webkit-justify-content: center;
  -ms-flex-pack: center;
  justify-content: center;
  -webkit-align-items: center;
  -webkit-box-align: center;
  -ms-flex-align: center;
  align-items: center;
  outline: none;
  border: 0px;
  vertical-align: middle;
  -webkit-appearance: none;
  -moz-appearance: none;
  appearance: none;
  -webkit-text-decoration: none;
  text-decoration: none;
  pointer-events: default;
  width: 40px;
  height: 40px;
  border-radius: 50%;
  color: rgba(0,0,0,0.6);
}

.c3::-moz-focus-inner {
  border-style: none;
}

.c3 .sinoui-svg-icon {
  font-size: 24px;
}

.c3:hover {
  background-color: rgba(0,0,0,0.04);
}

.c3:focus {
  background-color: rgba(63,81,181,0.04);
}

.c3.sinoui-checkbox--disabled {
  cursor: default;
  pointer-events: none;
  background-color: transparent;
  color: rgba(0,0,0,0.38);
}

.c3.sinoui-checkbox--readOnly {
  color: rgba(0,0,0,0.38);
}

.c3 .sinoui-checkbox__input {
  cursor: inherit;
  position: absolute;
  opacity: 0;
  height: 100%;
  width: 100%;
  top: 0px;
  left: 0px;
  margin: 0px;
  padding: 0px;
  border: none;
}

.c3 .sinoui-checkbox__ripple {
  width: 40px;
  height: 40px;
  border-radius: 50%;
}

.c3 .sinoui-checkbox__ripple-layout {
  width: 40px;
  height: 40px;
}

.c3.sinoui-checkbox--dense {
  height: 32px;
  width: 32px;
}

.c3.sinoui-checkbox--dense .sinoui-checkbox__ripple {
  width: 32px;
  height: 32px;
  border-radius: 50%;
}

.c3.sinoui-checkbox--dense .sinoui-checkbox__ripple-layout {
  width: 32px;
  height: 32px;
}

.c5 {
  position: relative;
  display: -webkit-inline-box;
  display: -webkit-inline-flex;
  display: -ms-inline-flexbox;
  display: inline-flex;
  -webkit-box-pack: center;
  -webkit-justify-content: center;
  -ms-flex-pack: center;
  justify-content: center;
  -webkit-align-items: center;
  -webkit-box-align: center;
  -ms-flex-align: center;
  align-items: center;
  outline: none;
  border: 0px;
  vertical-align: middle;
  -webkit-appearance: none;
  -moz-appearance: none;
  appearance: none;
  -webkit-text-decoration: none;
  text-decoration: none;
  pointer-events: default;
  width: 40px;
  height: 40px;
  border-radius: 50%;
  color: #3f51b5;
}

.c5::-moz-focus-inner {
  border-style: none;
}

.c5 .sinoui-svg-icon {
  font-size: 24px;
}

.c5:hover {
  background-color: rgba(63,81,181,0.04);
}

.c5:focus {
  background-color: rgba(63,81,181,0.04);
}

.c5.sinoui-checkbox--disabled {
  cursor: default;
  pointer-events: none;
  background-color: transparent;
  color: rgba(0,0,0,0.38);
}

.c5.sinoui-checkbox--readOnly {
  color: rgba(0,0,0,0.38);
}

.c5 .sinoui-checkbox__input {
  cursor: inherit;
  position: absolute;
  opacity: 0;
  height: 100%;
  width: 100%;
  top: 0px;
  left: 0px;
  margin: 0px;
  padding: 0px;
  border: none;
}

.c5 .sinoui-checkbox__ripple {
  width: 40px;
  height: 40px;
  border-radius: 50%;
}

.c5 .sinoui-checkbox__ripple-layout {
  width: 40px;
  height: 40px;
}

.c5.sinoui-checkbox--dense {
  height: 32px;
  width: 32px;
}

.c5.sinoui-checkbox--dense .sinoui-checkbox__ripple {
  width: 32px;
  height: 32px;
  border-radius: 50%;
}

.c5.sinoui-checkbox--dense .sinoui-checkbox__ripple-layout {
  width: 32px;
  height: 32px;
}

@media (hover:none) {
  .c2:hover {
    background-color: transparent;
  }
}

@media (hover:none) {
  .c3:hover {
    background-color: transparent;
  }
}

@media (hover:none) {
  .c5:hover {
    background-color: transparent;
  }
}

<div
  className="c0 sinoui-checkbox-group sinoui-form-group"
  onChange={[Function]}
>
  <label
    className="sc-AxgMl c1 sinoui-form-control-label"
  >
    <span
      checked={false}
      className="c2 sinoui-base-button c3 sinoui-checkbox"
      color="primary"
      onClick={[Function]}
      tabIndex="0"
    >
      <svg
        aria-hidden="true"
        className="c4 sinoui-svg-icon"
        focusable="false"
        role="presentation"
        size={24}
        viewBox="0 0 24 24"
      >
        <path
          d="M19 5v14H5V5h14m0-2H5c-1.1 0-2 .9-2 2v14c0 1.1.9 2 2 2h14c1.1 0 2-.9 2-2V5c0-1.1-.9-2-2-2z"
        />
      </svg>
      <input
        checked={false}
        className="sinoui-checkbox__input"
        onChange={[Function]}
        type="checkbox"
        value="1"
      />
    </span>
    <span
      className="sinoui-form-control-label__title"
    >
      复选框1
    </span>
  </label>
  <label
    className="sc-AxgMl c1 sinoui-form-control-label"
  >
    <span
      checked={true}
      className="c2 sinoui-base-button c5 sinoui-checkbox sinoui-checkbox--checked"
      color="primary"
      onClick={[Function]}
      tabIndex="0"
    >
      <svg
        aria-hidden="true"
        className="c4 sinoui-svg-icon"
        focusable="false"
        role="presentation"
        size={24}
        viewBox="0 0 24 24"
      >
        <path
          d="M19 3H5c-1.11 0-2 .9-2 2v14c0 1.1.89 2 2 2h14c1.11 0 2-.9 2-2V5c0-1.1-.89-2-2-2zm-9 14l-5-5 1.41-1.41L10 14.17l7.59-7.59L19 8l-9 9z"
        />
      </svg>
      <input
        checked={true}
        className="sinoui-checkbox__input"
        onChange={[Function]}
        type="checkbox"
        value="2"
      />
    </span>
    <span
      className="sinoui-form-control-label__title"
    >
      复选框2
    </span>
  </label>
  <label
    className="sc-AxgMl c1 sinoui-form-control-label"
  >
    <span
      checked={true}
      className="c2 sinoui-base-button c5 sinoui-checkbox sinoui-checkbox--checked"
      color="primary"
      onClick={[Function]}
      tabIndex="0"
    >
      <svg
        aria-hidden="true"
        className="c4 sinoui-svg-icon"
        focusable="false"
        role="presentation"
        size={24}
        viewBox="0 0 24 24"
      >
        <path
          d="M19 3H5c-1.11 0-2 .9-2 2v14c0 1.1.89 2 2 2h14c1.11 0 2-.9 2-2V5c0-1.1-.89-2-2-2zm-9 14l-5-5 1.41-1.41L10 14.17l7.59-7.59L19 8l-9 9z"
        />
      </svg>
      <input
        checked={true}
        className="sinoui-checkbox__input"
        onChange={[Function]}
        type="checkbox"
        value="3"
      />
    </span>
    <span
      className="sinoui-form-control-label__title"
    >
      复选框3
    </span>
  </label>
  <label
    className="sc-AxgMl c1 sinoui-form-control-label"
  >
    <span
      checked={false}
      className="c2 sinoui-base-button c3 sinoui-checkbox"
      color="primary"
      onClick={[Function]}
      tabIndex="0"
    >
      <svg
        aria-hidden="true"
        className="c4 sinoui-svg-icon"
        focusable="false"
        role="presentation"
        size={24}
        viewBox="0 0 24 24"
      >
        <path
          d="M19 5v14H5V5h14m0-2H5c-1.1 0-2 .9-2 2v14c0 1.1.9 2 2 2h14c1.1 0 2-.9 2-2V5c0-1.1-.9-2-2-2z"
        />
      </svg>
      <input
        checked={false}
        className="sinoui-checkbox__input"
        onChange={[Function]}
        type="checkbox"
        value="4"
      />
    </span>
    <span
      className="sinoui-form-control-label__title"
    >
      复选框4
    </span>
  </label>
</div>
`;

exports[`CheckboxGroup组件 快照测试 设置items属性 1`] = `
.c0 {
  display: -webkit-box;
  display: -webkit-flex;
  display: -ms-flexbox;
  display: flex;
  -webkit-flex-wrap: wrap;
  -ms-flex-wrap: wrap;
  flex-wrap: wrap;
  -webkit-flex-direction: row;
  -ms-flex-direction: row;
  flex-direction: row;
}

.c0 > label {
  padding-right: 8px;
}

.c0 > label:last-child {
  padding-right: 0px;
}

.c0 > label {
  -webkit-transform: translate(-11px,0px);
  -ms-transform: translate(-11px,0px);
  transform: translate(-11px,0px);
}

.c1 {
  font-size: 1rem;
  font-family: -apple-system,BlinkMacSystemFont,'Segoe UI','PingFang SC','Hiragino Sans GB','Microsoft YaHei',Roboto,'Noto Sans SC','Helvetica Neue',Helvetica,Arial,sans-serif,'Apple Color Emoji','Segoe UI Emoji','Segoe UI Symbol';
  font-weight: 400;
  color: rgba(0,0,0,0.87);
  margin: 0;
  padding: 0;
  display: -webkit-inline-box;
  display: -webkit-inline-flex;
  display: -ms-inline-flexbox;
  display: inline-flex;
  -webkit-flex-direction: row;
  -ms-flex-direction: row;
  flex-direction: row;
  -webkit-align-items: center;
  -webkit-box-align: center;
  -ms-flex-align: center;
  align-items: center;
  vertical-align: middle;
  -webkit-tap-highlight-color: transparent;
  box-sizing: border-box;
  cursor: pointer;
}

.c1 > .sinoui-checkbox,
.c1 > .sinoui-radio {
  -webkit-flex-shrink: 0;
  -ms-flex-negative: 0;
  flex-shrink: 0;
}

.c1 > .sinoui-form-control-label__title {
  word-break: break-all;
  word-wrap: break-word;
  display: -webkit-inline-box;
  display: -webkit-inline-flex;
  display: -ms-inline-flexbox;
  display: inline-flex;
  -webkit-align-items: center;
  -webkit-box-align: center;
  -ms-flex-align: center;
  align-items: center;
  line-height: 1.5;
}

.c2 {
  display: -webkit-inline-box;
  display: -webkit-inline-flex;
  display: -ms-inline-flexbox;
  display: inline-flex;
  -webkit-align-items: center;
  -webkit-box-align: center;
  -ms-flex-align: center;
  align-items: center;
  -webkit-box-pack: center;
  -webkit-justify-content: center;
  -ms-flex-pack: center;
  justify-content: center;
  position: relative;
  -webkit-tap-highlight-color: transparent;
  background-color: transparent;
  outline: 0;
  border: 0px;
  padding: 0px;
  margin: 0;
  border-radius: 0;
  vertical-align: middle;
  -webkit-appearance: none;
  -moz-appearance: none;
  appearance: none;
  -moz-appearance: none;
  -webkit-appearance: none;
  color: inherit;
  -webkit-text-decoration: none;
  text-decoration: none;
  pointer-events: default;
  cursor: pointer;
  -webkit-user-select: none;
  -moz-user-select: none;
  -ms-user-select: none;
  user-select: none;
}

.c2::-moz-focus-inner {
  border-style: none;
}

.c2:hover {
  background-color: rgba(0,0,0,0.04);
}

.c4 {
  font-size: 24px;
  width: 1em;
  height: 1em;
  fill: currentColor;
  -webkit-flex-shrink: 0;
  -ms-flex-negative: 0;
  flex-shrink: 0;
  -webkit-transition: color 200ms cubic-bezier(0.4,0.0,0.2,1) 0ms;
  transition: color 200ms cubic-bezier(0.4,0.0,0.2,1) 0ms;
  -webkit-user-select: none;
  -moz-user-select: none;
  -ms-user-select: none;
  user-select: none;
  display: inline-block;
}

.c3 {
  position: relative;
  display: -webkit-inline-box;
  display: -webkit-inline-flex;
  display: -ms-inline-flexbox;
  display: inline-flex;
  -webkit-box-pack: center;
  -webkit-justify-content: center;
  -ms-flex-pack: center;
  justify-content: center;
  -webkit-align-items: center;
  -webkit-box-align: center;
  -ms-flex-align: center;
  align-items: center;
  outline: none;
  border: 0px;
  vertical-align: middle;
  -webkit-appearance: none;
  -moz-appearance: none;
  appearance: none;
  -webkit-text-decoration: none;
  text-decoration: none;
  pointer-events: default;
  width: 40px;
  height: 40px;
  border-radius: 50%;
  color: rgba(0,0,0,0.6);
}

.c3::-moz-focus-inner {
  border-style: none;
}

.c3 .sinoui-svg-icon {
  font-size: 24px;
}

.c3:hover {
  background-color: rgba(0,0,0,0.04);
}

.c3:focus {
  background-color: rgba(63,81,181,0.04);
}

.c3.sinoui-checkbox--disabled {
  cursor: default;
  pointer-events: none;
  background-color: transparent;
  color: rgba(0,0,0,0.38);
}

.c3.sinoui-checkbox--readOnly {
  color: rgba(0,0,0,0.38);
}

.c3 .sinoui-checkbox__input {
  cursor: inherit;
  position: absolute;
  opacity: 0;
  height: 100%;
  width: 100%;
  top: 0px;
  left: 0px;
  margin: 0px;
  padding: 0px;
  border: none;
}

.c3 .sinoui-checkbox__ripple {
  width: 40px;
  height: 40px;
  border-radius: 50%;
}

.c3 .sinoui-checkbox__ripple-layout {
  width: 40px;
  height: 40px;
}

.c3.sinoui-checkbox--dense {
  height: 32px;
  width: 32px;
}

.c3.sinoui-checkbox--dense .sinoui-checkbox__ripple {
  width: 32px;
  height: 32px;
  border-radius: 50%;
}

.c3.sinoui-checkbox--dense .sinoui-checkbox__ripple-layout {
  width: 32px;
  height: 32px;
}

@media (hover:none) {
  .c2:hover {
    background-color: transparent;
  }
}

@media (hover:none) {
  .c3:hover {
    background-color: transparent;
  }
}

<div
  className="c0 sinoui-checkbox-group sinoui-form-group"
  onChange={[Function]}
>
  <label
    className="sc-AxgMl c1 sinoui-form-control-label"
  >
    <span
      checked={false}
      className="c2 sinoui-base-button c3 sinoui-checkbox"
      color="primary"
      onClick={[Function]}
      tabIndex="0"
    >
      <svg
        aria-hidden="true"
        className="c4 sinoui-svg-icon"
        focusable="false"
        role="presentation"
        size={24}
        viewBox="0 0 24 24"
      >
        <path
          d="M19 5v14H5V5h14m0-2H5c-1.1 0-2 .9-2 2v14c0 1.1.9 2 2 2h14c1.1 0 2-.9 2-2V5c0-1.1-.9-2-2-2z"
        />
      </svg>
      <input
        checked={false}
        className="sinoui-checkbox__input"
        onChange={[Function]}
        type="checkbox"
        value="1"
      />
    </span>
    <span
      className="sinoui-form-control-label__title"
    >
      选项1
    </span>
  </label>
  <label
    className="sc-AxgMl c1 sinoui-form-control-label"
  >
    <span
      checked={false}
      className="c2 sinoui-base-button c3 sinoui-checkbox"
      color="primary"
      onClick={[Function]}
      tabIndex="0"
    >
      <svg
        aria-hidden="true"
        className="c4 sinoui-svg-icon"
        focusable="false"
        role="presentation"
        size={24}
        viewBox="0 0 24 24"
      >
        <path
          d="M19 5v14H5V5h14m0-2H5c-1.1 0-2 .9-2 2v14c0 1.1.9 2 2 2h14c1.1 0 2-.9 2-2V5c0-1.1-.9-2-2-2z"
        />
      </svg>
      <input
        checked={false}
        className="sinoui-checkbox__input"
        onChange={[Function]}
        type="checkbox"
        value="2"
      />
    </span>
    <span
      className="sinoui-form-control-label__title"
    >
      选项2
    </span>
  </label>
</div>
`;

exports[`CheckboxGroup组件 快照测试 设置不可用 1`] = `
Array [
  @media (hover:none) {

}

@media (hover:none) {

}

<p>
    不可用:
  </p>,
  .c0 {
  display: -webkit-box;
  display: -webkit-flex;
  display: -ms-flexbox;
  display: flex;
  -webkit-flex-wrap: wrap;
  -ms-flex-wrap: wrap;
  flex-wrap: wrap;
  -webkit-flex-direction: row;
  -ms-flex-direction: row;
  flex-direction: row;
}

.c0 > label {
  padding-right: 8px;
}

.c0 > label:last-child {
  padding-right: 0px;
}

.c0 > label {
  -webkit-transform: translate(-11px,0px);
  -ms-transform: translate(-11px,0px);
  transform: translate(-11px,0px);
}

.c1 {
  font-size: 1rem;
  font-family: -apple-system,BlinkMacSystemFont,'Segoe UI','PingFang SC','Hiragino Sans GB','Microsoft YaHei',Roboto,'Noto Sans SC','Helvetica Neue',Helvetica,Arial,sans-serif,'Apple Color Emoji','Segoe UI Emoji','Segoe UI Symbol';
  font-weight: 400;
  color: rgba(0,0,0,0.87);
  margin: 0;
  padding: 0;
  display: -webkit-inline-box;
  display: -webkit-inline-flex;
  display: -ms-inline-flexbox;
  display: inline-flex;
  -webkit-flex-direction: row;
  -ms-flex-direction: row;
  flex-direction: row;
  -webkit-align-items: center;
  -webkit-box-align: center;
  -ms-flex-align: center;
  align-items: center;
  vertical-align: middle;
  -webkit-tap-highlight-color: transparent;
  box-sizing: border-box;
  cursor: default;
}

.c1 > .sinoui-checkbox,
.c1 > .sinoui-radio {
  -webkit-flex-shrink: 0;
  -ms-flex-negative: 0;
  flex-shrink: 0;
}

.c1 > .sinoui-form-control-label__title {
  word-break: break-all;
  word-wrap: break-word;
  display: -webkit-inline-box;
  display: -webkit-inline-flex;
  display: -ms-inline-flexbox;
  display: inline-flex;
  -webkit-align-items: center;
  -webkit-box-align: center;
  -ms-flex-align: center;
  align-items: center;
  line-height: 1.5;
}

.c2 {
  display: -webkit-inline-box;
  display: -webkit-inline-flex;
  display: -ms-inline-flexbox;
  display: inline-flex;
  -webkit-align-items: center;
  -webkit-box-align: center;
  -ms-flex-align: center;
  align-items: center;
  -webkit-box-pack: center;
  -webkit-justify-content: center;
  -ms-flex-pack: center;
  justify-content: center;
  position: relative;
  -webkit-tap-highlight-color: transparent;
  background-color: transparent;
  outline: 0;
  border: 0px;
  padding: 0px;
  margin: 0;
  border-radius: 0;
  vertical-align: middle;
  -webkit-appearance: none;
  -moz-appearance: none;
  appearance: none;
  -moz-appearance: none;
  -webkit-appearance: none;
  color: inherit;
  -webkit-text-decoration: none;
  text-decoration: none;
  pointer-events: none;
  cursor: default;
  -webkit-user-select: none;
  -moz-user-select: none;
  -ms-user-select: none;
  user-select: none;
}

.c2::-moz-focus-inner {
  border-style: none;
}

.c2:hover {
  background-color: rgba(0,0,0,0.04);
}

.c4 {
  font-size: 24px;
  width: 1em;
  height: 1em;
  fill: currentColor;
  -webkit-flex-shrink: 0;
  -ms-flex-negative: 0;
  flex-shrink: 0;
  -webkit-transition: color 200ms cubic-bezier(0.4,0.0,0.2,1) 0ms;
  transition: color 200ms cubic-bezier(0.4,0.0,0.2,1) 0ms;
  -webkit-user-select: none;
  -moz-user-select: none;
  -ms-user-select: none;
  user-select: none;
  display: inline-block;
}

.c3 {
  position: relative;
  display: -webkit-inline-box;
  display: -webkit-inline-flex;
  display: -ms-inline-flexbox;
  display: inline-flex;
  -webkit-box-pack: center;
  -webkit-justify-content: center;
  -ms-flex-pack: center;
  justify-content: center;
  -webkit-align-items: center;
  -webkit-box-align: center;
  -ms-flex-align: center;
  align-items: center;
  outline: none;
  border: 0px;
  vertical-align: middle;
  -webkit-appearance: none;
  -moz-appearance: none;
  appearance: none;
  -webkit-text-decoration: none;
  text-decoration: none;
  pointer-events: default;
  width: 40px;
  height: 40px;
  border-radius: 50%;
  color: rgba(0,0,0,0.6);
}

.c3::-moz-focus-inner {
  border-style: none;
}

.c3 .sinoui-svg-icon {
  font-size: 24px;
}

.c3:hover {
  background-color: rgba(0,0,0,0.04);
}

.c3:focus {
  background-color: rgba(63,81,181,0.04);
}

.c3.sinoui-checkbox--disabled {
  cursor: default;
  pointer-events: none;
  background-color: transparent;
  color: rgba(0,0,0,0.38);
}

.c3.sinoui-checkbox--readOnly {
  color: rgba(0,0,0,0.38);
}

.c3 .sinoui-checkbox__input {
  cursor: inherit;
  position: absolute;
  opacity: 0;
  height: 100%;
  width: 100%;
  top: 0px;
  left: 0px;
  margin: 0px;
  padding: 0px;
  border: none;
}

.c3 .sinoui-checkbox__ripple {
  width: 40px;
  height: 40px;
  border-radius: 50%;
}

.c3 .sinoui-checkbox__ripple-layout {
  width: 40px;
  height: 40px;
}

.c3.sinoui-checkbox--dense {
  height: 32px;
  width: 32px;
}

.c3.sinoui-checkbox--dense .sinoui-checkbox__ripple {
  width: 32px;
  height: 32px;
  border-radius: 50%;
}

.c3.sinoui-checkbox--dense .sinoui-checkbox__ripple-layout {
  width: 32px;
  height: 32px;
}

@media (hover:none) {
  .c2:hover {
    background-color: transparent;
  }
}

@media (hover:none) {
  .c3:hover {
    background-color: transparent;
  }
}

<div
    className="c0 sinoui-checkbox-group sinoui-form-group"
    onChange={[Function]}
  >
    <label
      className="sc-AxgMl c1 sinoui-form-control-label"
      disabled={true}
    >
      <span
        checked={false}
        className="c2 sinoui-base-button c3 sinoui-checkbox sinoui-checkbox--disabled"
        color="primary"
        disabled={true}
        onClick={[Function]}
        tabIndex="0"
      >
        <svg
          aria-hidden="true"
          className="c4 sinoui-svg-icon"
          focusable="false"
          role="presentation"
          size={24}
          viewBox="0 0 24 24"
        >
          <path
            d="M19 5v14H5V5h14m0-2H5c-1.1 0-2 .9-2 2v14c0 1.1.9 2 2 2h14c1.1 0 2-.9 2-2V5c0-1.1-.9-2-2-2z"
          />
        </svg>
        <input
          checked={false}
          className="sinoui-checkbox__input"
          disabled={true}
          onChange={[Function]}
          type="checkbox"
          value="1"
        />
      </span>
      <span
        className="sinoui-form-control-label__title"
      >
        复选框1
      </span>
    </label>
    <label
      className="sc-AxgMl c1 sinoui-form-control-label"
      disabled={true}
    >
      <span
        checked={false}
        className="c2 sinoui-base-button c3 sinoui-checkbox sinoui-checkbox--disabled"
        color="primary"
        disabled={true}
        onClick={[Function]}
        tabIndex="0"
      >
        <svg
          aria-hidden="true"
          className="c4 sinoui-svg-icon"
          focusable="false"
          role="presentation"
          size={24}
          viewBox="0 0 24 24"
        >
          <path
            d="M19 5v14H5V5h14m0-2H5c-1.1 0-2 .9-2 2v14c0 1.1.9 2 2 2h14c1.1 0 2-.9 2-2V5c0-1.1-.9-2-2-2z"
          />
        </svg>
        <input
          checked={false}
          className="sinoui-checkbox__input"
          disabled={true}
          onChange={[Function]}
          type="checkbox"
          value="2"
        />
      </span>
      <span
        className="sinoui-form-control-label__title"
      >
        复选框2
      </span>
    </label>
  </div>,
  @media (hover:none) {

}

@media (hover:none) {

}

<p>
    只读:
  </p>,
  .c0 {
  display: -webkit-box;
  display: -webkit-flex;
  display: -ms-flexbox;
  display: flex;
  -webkit-flex-wrap: wrap;
  -ms-flex-wrap: wrap;
  flex-wrap: wrap;
  -webkit-flex-direction: row;
  -ms-flex-direction: row;
  flex-direction: row;
}

.c0 > label {
  padding-right: 8px;
}

.c0 > label:last-child {
  padding-right: 0px;
}

.c0 > label {
  -webkit-transform: translate(-11px,0px);
  -ms-transform: translate(-11px,0px);
  transform: translate(-11px,0px);
}

.c1 {
  font-size: 1rem;
  font-family: -apple-system,BlinkMacSystemFont,'Segoe UI','PingFang SC','Hiragino Sans GB','Microsoft YaHei',Roboto,'Noto Sans SC','Helvetica Neue',Helvetica,Arial,sans-serif,'Apple Color Emoji','Segoe UI Emoji','Segoe UI Symbol';
  font-weight: 400;
  color: rgba(0,0,0,0.87);
  margin: 0;
  padding: 0;
  display: -webkit-inline-box;
  display: -webkit-inline-flex;
  display: -ms-inline-flexbox;
  display: inline-flex;
  -webkit-flex-direction: row;
  -ms-flex-direction: row;
  flex-direction: row;
  -webkit-align-items: center;
  -webkit-box-align: center;
  -ms-flex-align: center;
  align-items: center;
  vertical-align: middle;
  -webkit-tap-highlight-color: transparent;
  box-sizing: border-box;
  cursor: default;
}

.c1 > .sinoui-checkbox,
.c1 > .sinoui-radio {
  -webkit-flex-shrink: 0;
  -ms-flex-negative: 0;
  flex-shrink: 0;
}

.c1 > .sinoui-form-control-label__title {
  word-break: break-all;
  word-wrap: break-word;
  display: -webkit-inline-box;
  display: -webkit-inline-flex;
  display: -ms-inline-flexbox;
  display: inline-flex;
  -webkit-align-items: center;
  -webkit-box-align: center;
  -ms-flex-align: center;
  align-items: center;
  line-height: 1.5;
}

.c2 {
  display: -webkit-inline-box;
  display: -webkit-inline-flex;
  display: -ms-inline-flexbox;
  display: inline-flex;
  -webkit-align-items: center;
  -webkit-box-align: center;
  -ms-flex-align: center;
  align-items: center;
  -webkit-box-pack: center;
  -webkit-justify-content: center;
  -ms-flex-pack: center;
  justify-content: center;
  position: relative;
  -webkit-tap-highlight-color: transparent;
  background-color: transparent;
  outline: 0;
  border: 0px;
  padding: 0px;
  margin: 0;
  border-radius: 0;
  vertical-align: middle;
  -webkit-appearance: none;
  -moz-appearance: none;
  appearance: none;
  -moz-appearance: none;
  -webkit-appearance: none;
  color: inherit;
  -webkit-text-decoration: none;
  text-decoration: none;
  pointer-events: none;
  cursor: default;
  -webkit-user-select: none;
  -moz-user-select: none;
  -ms-user-select: none;
  user-select: none;
}

.c2::-moz-focus-inner {
  border-style: none;
}

.c2:hover {
  background-color: rgba(0,0,0,0.04);
}

.c4 {
  font-size: 24px;
  width: 1em;
  height: 1em;
  fill: currentColor;
  -webkit-flex-shrink: 0;
  -ms-flex-negative: 0;
  flex-shrink: 0;
  -webkit-transition: color 200ms cubic-bezier(0.4,0.0,0.2,1) 0ms;
  transition: color 200ms cubic-bezier(0.4,0.0,0.2,1) 0ms;
  -webkit-user-select: none;
  -moz-user-select: none;
  -ms-user-select: none;
  user-select: none;
  display: inline-block;
}

.c3 {
  position: relative;
  display: -webkit-inline-box;
  display: -webkit-inline-flex;
  display: -ms-inline-flexbox;
  display: inline-flex;
  -webkit-box-pack: center;
  -webkit-justify-content: center;
  -ms-flex-pack: center;
  justify-content: center;
  -webkit-align-items: center;
  -webkit-box-align: center;
  -ms-flex-align: center;
  align-items: center;
  outline: none;
  border: 0px;
  vertical-align: middle;
  -webkit-appearance: none;
  -moz-appearance: none;
  appearance: none;
  -webkit-text-decoration: none;
  text-decoration: none;
  pointer-events: default;
  width: 40px;
  height: 40px;
  border-radius: 50%;
  color: rgba(0,0,0,0.6);
}

.c3::-moz-focus-inner {
  border-style: none;
}

.c3 .sinoui-svg-icon {
  font-size: 24px;
}

.c3:hover {
  background-color: rgba(0,0,0,0.04);
}

.c3:focus {
  background-color: rgba(63,81,181,0.04);
}

.c3.sinoui-checkbox--disabled {
  cursor: default;
  pointer-events: none;
  background-color: transparent;
  color: rgba(0,0,0,0.38);
}

.c3.sinoui-checkbox--readOnly {
  color: rgba(0,0,0,0.38);
}

.c3 .sinoui-checkbox__input {
  cursor: inherit;
  position: absolute;
  opacity: 0;
  height: 100%;
  width: 100%;
  top: 0px;
  left: 0px;
  margin: 0px;
  padding: 0px;
  border: none;
}

.c3 .sinoui-checkbox__ripple {
  width: 40px;
  height: 40px;
  border-radius: 50%;
}

.c3 .sinoui-checkbox__ripple-layout {
  width: 40px;
  height: 40px;
}

.c3.sinoui-checkbox--dense {
  height: 32px;
  width: 32px;
}

.c3.sinoui-checkbox--dense .sinoui-checkbox__ripple {
  width: 32px;
  height: 32px;
  border-radius: 50%;
}

.c3.sinoui-checkbox--dense .sinoui-checkbox__ripple-layout {
  width: 32px;
  height: 32px;
}

@media (hover:none) {
  .c2:hover {
    background-color: transparent;
  }
}

@media (hover:none) {
  .c3:hover {
    background-color: transparent;
  }
}

<div
    className="c0 sinoui-checkbox-group sinoui-form-group"
    onChange={[Function]}
  >
    <label
      className="sc-AxgMl c1 sinoui-form-control-label"
      readOnly={true}
    >
      <span
        checked={false}
        className="c2 sinoui-base-button c3 sinoui-checkbox sinoui-checkbox--readOnly"
        color="primary"
        disabled={true}
        onClick={[Function]}
        tabIndex="0"
      >
        <svg
          aria-hidden="true"
          className="c4 sinoui-svg-icon"
          focusable="false"
          role="presentation"
          size={24}
          viewBox="0 0 24 24"
        >
          <path
            d="M19 5v14H5V5h14m0-2H5c-1.1 0-2 .9-2 2v14c0 1.1.9 2 2 2h14c1.1 0 2-.9 2-2V5c0-1.1-.9-2-2-2z"
          />
        </svg>
        <input
          checked={false}
          className="sinoui-checkbox__input"
          onChange={[Function]}
          readOnly={true}
          type="checkbox"
          value="1"
        />
      </span>
      <span
        className="sinoui-form-control-label__title"
      >
        复选框1
      </span>
    </label>
    <label
      className="sc-AxgMl c1 sinoui-form-control-label"
      readOnly={true}
    >
      <span
        checked={false}
        className="c2 sinoui-base-button c3 sinoui-checkbox sinoui-checkbox--readOnly"
        color="primary"
        disabled={true}
        onClick={[Function]}
        tabIndex="0"
      >
        <svg
          aria-hidden="true"
          className="c4 sinoui-svg-icon"
          focusable="false"
          role="presentation"
          size={24}
          viewBox="0 0 24 24"
        >
          <path
            d="M19 5v14H5V5h14m0-2H5c-1.1 0-2 .9-2 2v14c0 1.1.9 2 2 2h14c1.1 0 2-.9 2-2V5c0-1.1-.9-2-2-2z"
          />
        </svg>
        <input
          checked={false}
          className="sinoui-checkbox__input"
          onChange={[Function]}
          readOnly={true}
          type="checkbox"
          value="2"
        />
      </span>
      <span
        className="sinoui-form-control-label__title"
      >
        复选框2
      </span>
    </label>
  </div>,
]
`;

exports[`CheckboxGroup组件 快照测试 设置是否支持全选 1`] = `
.c0 {
  display: -webkit-box;
  display: -webkit-flex;
  display: -ms-flexbox;
  display: flex;
  -webkit-flex-wrap: wrap;
  -ms-flex-wrap: wrap;
  flex-wrap: wrap;
  -webkit-flex-direction: row;
  -ms-flex-direction: row;
  flex-direction: row;
}

.c0 > label {
  padding-right: 8px;
}

.c0 > label:last-child {
  padding-right: 0px;
}

.c0 > label {
  -webkit-transform: translate(-11px,0px);
  -ms-transform: translate(-11px,0px);
  transform: translate(-11px,0px);
}

.c1 {
  font-size: 1rem;
  font-family: -apple-system,BlinkMacSystemFont,'Segoe UI','PingFang SC','Hiragino Sans GB','Microsoft YaHei',Roboto,'Noto Sans SC','Helvetica Neue',Helvetica,Arial,sans-serif,'Apple Color Emoji','Segoe UI Emoji','Segoe UI Symbol';
  font-weight: 400;
  color: rgba(0,0,0,0.87);
  margin: 0;
  padding: 0;
  display: -webkit-inline-box;
  display: -webkit-inline-flex;
  display: -ms-inline-flexbox;
  display: inline-flex;
  -webkit-flex-direction: row;
  -ms-flex-direction: row;
  flex-direction: row;
  -webkit-align-items: center;
  -webkit-box-align: center;
  -ms-flex-align: center;
  align-items: center;
  vertical-align: middle;
  -webkit-tap-highlight-color: transparent;
  box-sizing: border-box;
  cursor: pointer;
}

.c1 > .sinoui-checkbox,
.c1 > .sinoui-radio {
  -webkit-flex-shrink: 0;
  -ms-flex-negative: 0;
  flex-shrink: 0;
}

.c1 > .sinoui-form-control-label__title {
  word-break: break-all;
  word-wrap: break-word;
  display: -webkit-inline-box;
  display: -webkit-inline-flex;
  display: -ms-inline-flexbox;
  display: inline-flex;
  -webkit-align-items: center;
  -webkit-box-align: center;
  -ms-flex-align: center;
  align-items: center;
  line-height: 1.5;
}

.c2 {
  display: -webkit-inline-box;
  display: -webkit-inline-flex;
  display: -ms-inline-flexbox;
  display: inline-flex;
  -webkit-align-items: center;
  -webkit-box-align: center;
  -ms-flex-align: center;
  align-items: center;
  -webkit-box-pack: center;
  -webkit-justify-content: center;
  -ms-flex-pack: center;
  justify-content: center;
  position: relative;
  -webkit-tap-highlight-color: transparent;
  background-color: transparent;
  outline: 0;
  border: 0px;
  padding: 0px;
  margin: 0;
  border-radius: 0;
  vertical-align: middle;
  -webkit-appearance: none;
  -moz-appearance: none;
  appearance: none;
  -moz-appearance: none;
  -webkit-appearance: none;
  color: inherit;
  -webkit-text-decoration: none;
  text-decoration: none;
  pointer-events: default;
  cursor: pointer;
  -webkit-user-select: none;
  -moz-user-select: none;
  -ms-user-select: none;
  user-select: none;
}

.c2::-moz-focus-inner {
  border-style: none;
}

.c2:hover {
  background-color: rgba(0,0,0,0.04);
}

.c4 {
  font-size: 24px;
  width: 1em;
  height: 1em;
  fill: currentColor;
  -webkit-flex-shrink: 0;
  -ms-flex-negative: 0;
  flex-shrink: 0;
  -webkit-transition: color 200ms cubic-bezier(0.4,0.0,0.2,1) 0ms;
  transition: color 200ms cubic-bezier(0.4,0.0,0.2,1) 0ms;
  -webkit-user-select: none;
  -moz-user-select: none;
  -ms-user-select: none;
  user-select: none;
  display: inline-block;
}

.c3 {
  position: relative;
  display: -webkit-inline-box;
  display: -webkit-inline-flex;
  display: -ms-inline-flexbox;
  display: inline-flex;
  -webkit-box-pack: center;
  -webkit-justify-content: center;
  -ms-flex-pack: center;
  justify-content: center;
  -webkit-align-items: center;
  -webkit-box-align: center;
  -ms-flex-align: center;
  align-items: center;
  outline: none;
  border: 0px;
  vertical-align: middle;
  -webkit-appearance: none;
  -moz-appearance: none;
  appearance: none;
  -webkit-text-decoration: none;
  text-decoration: none;
  pointer-events: default;
  width: 40px;
  height: 40px;
  border-radius: 50%;
  color: rgba(0,0,0,0.6);
}

.c3::-moz-focus-inner {
  border-style: none;
}

.c3 .sinoui-svg-icon {
  font-size: 24px;
}

.c3:hover {
  background-color: rgba(0,0,0,0.04);
}

.c3:focus {
  background-color: rgba(63,81,181,0.04);
}

.c3.sinoui-checkbox--disabled {
  cursor: default;
  pointer-events: none;
  background-color: transparent;
  color: rgba(0,0,0,0.38);
}

.c3.sinoui-checkbox--readOnly {
  color: rgba(0,0,0,0.38);
}

.c3 .sinoui-checkbox__input {
  cursor: inherit;
  position: absolute;
  opacity: 0;
  height: 100%;
  width: 100%;
  top: 0px;
  left: 0px;
  margin: 0px;
  padding: 0px;
  border: none;
}

.c3 .sinoui-checkbox__ripple {
  width: 40px;
  height: 40px;
  border-radius: 50%;
}

.c3 .sinoui-checkbox__ripple-layout {
  width: 40px;
  height: 40px;
}

.c3.sinoui-checkbox--dense {
  height: 32px;
  width: 32px;
}

.c3.sinoui-checkbox--dense .sinoui-checkbox__ripple {
  width: 32px;
  height: 32px;
  border-radius: 50%;
}

.c3.sinoui-checkbox--dense .sinoui-checkbox__ripple-layout {
  width: 32px;
  height: 32px;
}

@media (hover:none) {
  .c2:hover {
    background-color: transparent;
  }
}

@media (hover:none) {
  .c3:hover {
    background-color: transparent;
  }
}

<div
  className="c0 sinoui-checkbox-group sinoui-form-group"
  onChange={[Function]}
>
  <label
    className="sc-AxgMl c1 sinoui-form-control-label"
  >
    <span
      checked={false}
      className="c2 sinoui-base-button c3 sinoui-checkbox sinoui-checkbox-group__select-all"
      color="primary"
      onClick={[Function]}
      tabIndex="0"
    >
      <svg
        aria-hidden="true"
        className="c4 sinoui-svg-icon"
        focusable="false"
        role="presentation"
        size={24}
        viewBox="0 0 24 24"
      >
        <path
          d="M19 5v14H5V5h14m0-2H5c-1.1 0-2 .9-2 2v14c0 1.1.9 2 2 2h14c1.1 0 2-.9 2-2V5c0-1.1-.9-2-2-2z"
        />
      </svg>
      <input
        checked={false}
        className="sinoui-checkbox__input"
        onChange={[Function]}
        type="checkbox"
      />
    </span>
    <span
      className="sinoui-form-control-label__title"
    >
      全选
    </span>
  </label>
  <label
    className="sc-AxgMl c1 sinoui-form-control-label"
  >
    <span
      checked={false}
      className="c2 sinoui-base-button c3 sinoui-checkbox"
      color="primary"
      onClick={[Function]}
      tabIndex="0"
    >
      <svg
        aria-hidden="true"
        className="c4 sinoui-svg-icon"
        focusable="false"
        role="presentation"
        size={24}
        viewBox="0 0 24 24"
      >
        <path
          d="M19 5v14H5V5h14m0-2H5c-1.1 0-2 .9-2 2v14c0 1.1.9 2 2 2h14c1.1 0 2-.9 2-2V5c0-1.1-.9-2-2-2z"
        />
      </svg>
      <input
        checked={false}
        className="sinoui-checkbox__input"
        onChange={[Function]}
        type="checkbox"
        value="1"
      />
    </span>
    <span
      className="sinoui-form-control-label__title"
    >
      复选框1
    </span>
  </label>
  <label
    className="sc-AxgMl c1 sinoui-form-control-label"
  >
    <span
      checked={false}
      className="c2 sinoui-base-button c3 sinoui-checkbox"
      color="primary"
      onClick={[Function]}
      tabIndex="0"
    >
      <svg
        aria-hidden="true"
        className="c4 sinoui-svg-icon"
        focusable="false"
        role="presentation"
        size={24}
        viewBox="0 0 24 24"
      >
        <path
          d="M19 5v14H5V5h14m0-2H5c-1.1 0-2 .9-2 2v14c0 1.1.9 2 2 2h14c1.1 0 2-.9 2-2V5c0-1.1-.9-2-2-2z"
        />
      </svg>
      <input
        checked={false}
        className="sinoui-checkbox__input"
        onChange={[Function]}
        type="checkbox"
        value="2"
      />
    </span>
    <span
      className="sinoui-form-control-label__title"
    >
      复选框2
    </span>
  </label>
  <label
    className="sc-AxgMl c1 sinoui-form-control-label"
  >
    <span
      checked={false}
      className="c2 sinoui-base-button c3 sinoui-checkbox"
      color="primary"
      onClick={[Function]}
      tabIndex="0"
    >
      <svg
        aria-hidden="true"
        className="c4 sinoui-svg-icon"
        focusable="false"
        role="presentation"
        size={24}
        viewBox="0 0 24 24"
      >
        <path
          d="M19 5v14H5V5h14m0-2H5c-1.1 0-2 .9-2 2v14c0 1.1.9 2 2 2h14c1.1 0 2-.9 2-2V5c0-1.1-.9-2-2-2z"
        />
      </svg>
      <input
        checked={false}
        className="sinoui-checkbox__input"
        onChange={[Function]}
        type="checkbox"
        value="3"
      />
    </span>
    <span
      className="sinoui-form-control-label__title"
    >
      复选框3
    </span>
  </label>
  <label
    className="sc-AxgMl c1 sinoui-form-control-label"
  >
    <span
      checked={false}
      className="c2 sinoui-base-button c3 sinoui-checkbox"
      color="primary"
      onClick={[Function]}
      tabIndex="0"
    >
      <svg
        aria-hidden="true"
        className="c4 sinoui-svg-icon"
        focusable="false"
        role="presentation"
        size={24}
        viewBox="0 0 24 24"
      >
        <path
          d="M19 5v14H5V5h14m0-2H5c-1.1 0-2 .9-2 2v14c0 1.1.9 2 2 2h14c1.1 0 2-.9 2-2V5c0-1.1-.9-2-2-2z"
        />
      </svg>
      <input
        checked={false}
        className="sinoui-checkbox__input"
        onChange={[Function]}
        type="checkbox"
        value="4"
      />
    </span>
    <span
      className="sinoui-form-control-label__title"
    >
      复选框4
    </span>
  </label>
</div>
`;

exports[`CheckboxGroup组件 快照测试 设置是否纵向显示 1`] = `
.c0 {
  display: -webkit-box;
  display: -webkit-flex;
  display: -ms-flexbox;
  display: flex;
  -webkit-flex-wrap: wrap;
  -ms-flex-wrap: wrap;
  flex-wrap: wrap;
  -webkit-flex-direction: row;
  -ms-flex-direction: row;
  flex-direction: row;
}

.c0 > label {
  padding-right: 8px;
}

.c0 > label:last-child {
  padding-right: 0px;
}

.c0 > label {
  width: 100%;
}

.c0 > label {
  -webkit-transform: translate(-11px,0px);
  -ms-transform: translate(-11px,0px);
  transform: translate(-11px,0px);
}

.c1 {
  font-size: 1rem;
  font-family: -apple-system,BlinkMacSystemFont,'Segoe UI','PingFang SC','Hiragino Sans GB','Microsoft YaHei',Roboto,'Noto Sans SC','Helvetica Neue',Helvetica,Arial,sans-serif,'Apple Color Emoji','Segoe UI Emoji','Segoe UI Symbol';
  font-weight: 400;
  color: rgba(0,0,0,0.87);
  margin: 0;
  padding: 0;
  display: -webkit-inline-box;
  display: -webkit-inline-flex;
  display: -ms-inline-flexbox;
  display: inline-flex;
  -webkit-flex-direction: row;
  -ms-flex-direction: row;
  flex-direction: row;
  -webkit-align-items: center;
  -webkit-box-align: center;
  -ms-flex-align: center;
  align-items: center;
  vertical-align: middle;
  -webkit-tap-highlight-color: transparent;
  box-sizing: border-box;
  cursor: pointer;
}

.c1 > .sinoui-checkbox,
.c1 > .sinoui-radio {
  -webkit-flex-shrink: 0;
  -ms-flex-negative: 0;
  flex-shrink: 0;
}

.c1 > .sinoui-form-control-label__title {
  word-break: break-all;
  word-wrap: break-word;
  display: -webkit-inline-box;
  display: -webkit-inline-flex;
  display: -ms-inline-flexbox;
  display: inline-flex;
  -webkit-align-items: center;
  -webkit-box-align: center;
  -ms-flex-align: center;
  align-items: center;
  line-height: 1.5;
}

.c2 {
  display: -webkit-inline-box;
  display: -webkit-inline-flex;
  display: -ms-inline-flexbox;
  display: inline-flex;
  -webkit-align-items: center;
  -webkit-box-align: center;
  -ms-flex-align: center;
  align-items: center;
  -webkit-box-pack: center;
  -webkit-justify-content: center;
  -ms-flex-pack: center;
  justify-content: center;
  position: relative;
  -webkit-tap-highlight-color: transparent;
  background-color: transparent;
  outline: 0;
  border: 0px;
  padding: 0px;
  margin: 0;
  border-radius: 0;
  vertical-align: middle;
  -webkit-appearance: none;
  -moz-appearance: none;
  appearance: none;
  -moz-appearance: none;
  -webkit-appearance: none;
  color: inherit;
  -webkit-text-decoration: none;
  text-decoration: none;
  pointer-events: default;
  cursor: pointer;
  -webkit-user-select: none;
  -moz-user-select: none;
  -ms-user-select: none;
  user-select: none;
}

.c2::-moz-focus-inner {
  border-style: none;
}

.c2:hover {
  background-color: rgba(0,0,0,0.04);
}

.c4 {
  font-size: 24px;
  width: 1em;
  height: 1em;
  fill: currentColor;
  -webkit-flex-shrink: 0;
  -ms-flex-negative: 0;
  flex-shrink: 0;
  -webkit-transition: color 200ms cubic-bezier(0.4,0.0,0.2,1) 0ms;
  transition: color 200ms cubic-bezier(0.4,0.0,0.2,1) 0ms;
  -webkit-user-select: none;
  -moz-user-select: none;
  -ms-user-select: none;
  user-select: none;
  display: inline-block;
}

.c3 {
  position: relative;
  display: -webkit-inline-box;
  display: -webkit-inline-flex;
  display: -ms-inline-flexbox;
  display: inline-flex;
  -webkit-box-pack: center;
  -webkit-justify-content: center;
  -ms-flex-pack: center;
  justify-content: center;
  -webkit-align-items: center;
  -webkit-box-align: center;
  -ms-flex-align: center;
  align-items: center;
  outline: none;
  border: 0px;
  vertical-align: middle;
  -webkit-appearance: none;
  -moz-appearance: none;
  appearance: none;
  -webkit-text-decoration: none;
  text-decoration: none;
  pointer-events: default;
  width: 40px;
  height: 40px;
  border-radius: 50%;
  color: rgba(0,0,0,0.6);
}

.c3::-moz-focus-inner {
  border-style: none;
}

.c3 .sinoui-svg-icon {
  font-size: 24px;
}

.c3:hover {
  background-color: rgba(0,0,0,0.04);
}

.c3:focus {
  background-color: rgba(63,81,181,0.04);
}

.c3.sinoui-checkbox--disabled {
  cursor: default;
  pointer-events: none;
  background-color: transparent;
  color: rgba(0,0,0,0.38);
}

.c3.sinoui-checkbox--readOnly {
  color: rgba(0,0,0,0.38);
}

.c3 .sinoui-checkbox__input {
  cursor: inherit;
  position: absolute;
  opacity: 0;
  height: 100%;
  width: 100%;
  top: 0px;
  left: 0px;
  margin: 0px;
  padding: 0px;
  border: none;
}

.c3 .sinoui-checkbox__ripple {
  width: 40px;
  height: 40px;
  border-radius: 50%;
}

.c3 .sinoui-checkbox__ripple-layout {
  width: 40px;
  height: 40px;
}

.c3.sinoui-checkbox--dense {
  height: 32px;
  width: 32px;
}

.c3.sinoui-checkbox--dense .sinoui-checkbox__ripple {
  width: 32px;
  height: 32px;
  border-radius: 50%;
}

.c3.sinoui-checkbox--dense .sinoui-checkbox__ripple-layout {
  width: 32px;
  height: 32px;
}

@media (hover:none) {
  .c2:hover {
    background-color: transparent;
  }
}

@media (hover:none) {
  .c3:hover {
    background-color: transparent;
  }
}

<div
  className="c0 sinoui-checkbox-group sinoui-form-group"
  onChange={[Function]}
>
  <label
    className="sc-AxgMl c1 sinoui-form-control-label"
  >
    <span
      checked={false}
      className="c2 sinoui-base-button c3 sinoui-checkbox"
      color="primary"
      onClick={[Function]}
      tabIndex="0"
    >
      <svg
        aria-hidden="true"
        className="c4 sinoui-svg-icon"
        focusable="false"
        role="presentation"
        size={24}
        viewBox="0 0 24 24"
      >
        <path
          d="M19 5v14H5V5h14m0-2H5c-1.1 0-2 .9-2 2v14c0 1.1.9 2 2 2h14c1.1 0 2-.9 2-2V5c0-1.1-.9-2-2-2z"
        />
      </svg>
      <input
        checked={false}
        className="sinoui-checkbox__input"
        onChange={[Function]}
        type="checkbox"
        value="1"
      />
    </span>
    <span
      className="sinoui-form-control-label__title"
    >
      复选框1
    </span>
  </label>
  <label
    className="sc-AxgMl c1 sinoui-form-control-label"
  >
    <span
      checked={false}
      className="c2 sinoui-base-button c3 sinoui-checkbox"
      color="primary"
      onClick={[Function]}
      tabIndex="0"
    >
      <svg
        aria-hidden="true"
        className="c4 sinoui-svg-icon"
        focusable="false"
        role="presentation"
        size={24}
        viewBox="0 0 24 24"
      >
        <path
          d="M19 5v14H5V5h14m0-2H5c-1.1 0-2 .9-2 2v14c0 1.1.9 2 2 2h14c1.1 0 2-.9 2-2V5c0-1.1-.9-2-2-2z"
        />
      </svg>
      <input
        checked={false}
        className="sinoui-checkbox__input"
        onChange={[Function]}
        type="checkbox"
        value="2"
      />
    </span>
    <span
      className="sinoui-form-control-label__title"
    >
      复选框2
    </span>
  </label>
</div>
`;

exports[`CheckboxGroup组件 快照测试 设置标题显示位置 1`] = `
Array [
  @media (hover:none) {

}

@media (hover:none) {

}

<p>
    标题显示在右侧：
  </p>,
  .c0 {
  display: -webkit-box;
  display: -webkit-flex;
  display: -ms-flexbox;
  display: flex;
  -webkit-flex-wrap: wrap;
  -ms-flex-wrap: wrap;
  flex-wrap: wrap;
  -webkit-flex-direction: row;
  -ms-flex-direction: row;
  flex-direction: row;
}

.c0 > label {
  padding-right: 8px;
}

.c0 > label:last-child {
  padding-right: 0px;
}

.c0 > label {
  -webkit-transform: translate(-11px,0px);
  -ms-transform: translate(-11px,0px);
  transform: translate(-11px,0px);
}

.c1 {
  font-size: 1rem;
  font-family: -apple-system,BlinkMacSystemFont,'Segoe UI','PingFang SC','Hiragino Sans GB','Microsoft YaHei',Roboto,'Noto Sans SC','Helvetica Neue',Helvetica,Arial,sans-serif,'Apple Color Emoji','Segoe UI Emoji','Segoe UI Symbol';
  font-weight: 400;
  color: rgba(0,0,0,0.87);
  margin: 0;
  padding: 0;
  display: -webkit-inline-box;
  display: -webkit-inline-flex;
  display: -ms-inline-flexbox;
  display: inline-flex;
  -webkit-flex-direction: row;
  -ms-flex-direction: row;
  flex-direction: row;
  -webkit-align-items: center;
  -webkit-box-align: center;
  -ms-flex-align: center;
  align-items: center;
  vertical-align: middle;
  -webkit-tap-highlight-color: transparent;
  box-sizing: border-box;
  cursor: pointer;
}

.c1 > .sinoui-checkbox,
.c1 > .sinoui-radio {
  -webkit-flex-shrink: 0;
  -ms-flex-negative: 0;
  flex-shrink: 0;
}

.c1 > .sinoui-form-control-label__title {
  word-break: break-all;
  word-wrap: break-word;
  display: -webkit-inline-box;
  display: -webkit-inline-flex;
  display: -ms-inline-flexbox;
  display: inline-flex;
  -webkit-align-items: center;
  -webkit-box-align: center;
  -ms-flex-align: center;
  align-items: center;
  line-height: 1.5;
}

.c2 {
  display: -webkit-inline-box;
  display: -webkit-inline-flex;
  display: -ms-inline-flexbox;
  display: inline-flex;
  -webkit-align-items: center;
  -webkit-box-align: center;
  -ms-flex-align: center;
  align-items: center;
  -webkit-box-pack: center;
  -webkit-justify-content: center;
  -ms-flex-pack: center;
  justify-content: center;
  position: relative;
  -webkit-tap-highlight-color: transparent;
  background-color: transparent;
  outline: 0;
  border: 0px;
  padding: 0px;
  margin: 0;
  border-radius: 0;
  vertical-align: middle;
  -webkit-appearance: none;
  -moz-appearance: none;
  appearance: none;
  -moz-appearance: none;
  -webkit-appearance: none;
  color: inherit;
  -webkit-text-decoration: none;
  text-decoration: none;
  pointer-events: default;
  cursor: pointer;
  -webkit-user-select: none;
  -moz-user-select: none;
  -ms-user-select: none;
  user-select: none;
}

.c2::-moz-focus-inner {
  border-style: none;
}

.c2:hover {
  background-color: rgba(0,0,0,0.04);
}

.c4 {
  font-size: 24px;
  width: 1em;
  height: 1em;
  fill: currentColor;
  -webkit-flex-shrink: 0;
  -ms-flex-negative: 0;
  flex-shrink: 0;
  -webkit-transition: color 200ms cubic-bezier(0.4,0.0,0.2,1) 0ms;
  transition: color 200ms cubic-bezier(0.4,0.0,0.2,1) 0ms;
  -webkit-user-select: none;
  -moz-user-select: none;
  -ms-user-select: none;
  user-select: none;
  display: inline-block;
}

.c3 {
  position: relative;
  display: -webkit-inline-box;
  display: -webkit-inline-flex;
  display: -ms-inline-flexbox;
  display: inline-flex;
  -webkit-box-pack: center;
  -webkit-justify-content: center;
  -ms-flex-pack: center;
  justify-content: center;
  -webkit-align-items: center;
  -webkit-box-align: center;
  -ms-flex-align: center;
  align-items: center;
  outline: none;
  border: 0px;
  vertical-align: middle;
  -webkit-appearance: none;
  -moz-appearance: none;
  appearance: none;
  -webkit-text-decoration: none;
  text-decoration: none;
  pointer-events: default;
  width: 40px;
  height: 40px;
  border-radius: 50%;
  color: rgba(0,0,0,0.6);
}

.c3::-moz-focus-inner {
  border-style: none;
}

.c3 .sinoui-svg-icon {
  font-size: 24px;
}

.c3:hover {
  background-color: rgba(0,0,0,0.04);
}

.c3:focus {
  background-color: rgba(63,81,181,0.04);
}

.c3.sinoui-checkbox--disabled {
  cursor: default;
  pointer-events: none;
  background-color: transparent;
  color: rgba(0,0,0,0.38);
}

.c3.sinoui-checkbox--readOnly {
  color: rgba(0,0,0,0.38);
}

.c3 .sinoui-checkbox__input {
  cursor: inherit;
  position: absolute;
  opacity: 0;
  height: 100%;
  width: 100%;
  top: 0px;
  left: 0px;
  margin: 0px;
  padding: 0px;
  border: none;
}

.c3 .sinoui-checkbox__ripple {
  width: 40px;
  height: 40px;
  border-radius: 50%;
}

.c3 .sinoui-checkbox__ripple-layout {
  width: 40px;
  height: 40px;
}

.c3.sinoui-checkbox--dense {
  height: 32px;
  width: 32px;
}

.c3.sinoui-checkbox--dense .sinoui-checkbox__ripple {
  width: 32px;
  height: 32px;
  border-radius: 50%;
}

.c3.sinoui-checkbox--dense .sinoui-checkbox__ripple-layout {
  width: 32px;
  height: 32px;
}

@media (hover:none) {
  .c2:hover {
    background-color: transparent;
  }
}

@media (hover:none) {
  .c3:hover {
    background-color: transparent;
  }
}

<div
    className="c0 sinoui-checkbox-group sinoui-form-group"
    onChange={[Function]}
  >
    <label
      className="sc-AxgMl c1 sinoui-form-control-label"
    >
      <span
        checked={false}
        className="c2 sinoui-base-button c3 sinoui-checkbox"
        color="primary"
        onClick={[Function]}
        tabIndex="0"
      >
        <svg
          aria-hidden="true"
          className="c4 sinoui-svg-icon"
          focusable="false"
          role="presentation"
          size={24}
          viewBox="0 0 24 24"
        >
          <path
            d="M19 5v14H5V5h14m0-2H5c-1.1 0-2 .9-2 2v14c0 1.1.9 2 2 2h14c1.1 0 2-.9 2-2V5c0-1.1-.9-2-2-2z"
          />
        </svg>
        <input
          checked={false}
          className="sinoui-checkbox__input"
          onChange={[Function]}
          type="checkbox"
          value="1"
        />
      </span>
      <span
        className="sinoui-form-control-label__title"
      >
        复选框1
      </span>
    </label>
    <label
      className="sc-AxgMl c1 sinoui-form-control-label"
    >
      <span
        checked={false}
        className="c2 sinoui-base-button c3 sinoui-checkbox"
        color="primary"
        onClick={[Function]}
        tabIndex="0"
      >
        <svg
          aria-hidden="true"
          className="c4 sinoui-svg-icon"
          focusable="false"
          role="presentation"
          size={24}
          viewBox="0 0 24 24"
        >
          <path
            d="M19 5v14H5V5h14m0-2H5c-1.1 0-2 .9-2 2v14c0 1.1.9 2 2 2h14c1.1 0 2-.9 2-2V5c0-1.1-.9-2-2-2z"
          />
        </svg>
        <input
          checked={false}
          className="sinoui-checkbox__input"
          onChange={[Function]}
          type="checkbox"
          value="2"
        />
      </span>
      <span
        className="sinoui-form-control-label__title"
      >
        复选框2
      </span>
    </label>
  </div>,
  @media (hover:none) {

}

@media (hover:none) {

}

<p>
    标题显示在左侧：
  </p>,
  .c0 {
  display: -webkit-box;
  display: -webkit-flex;
  display: -ms-flexbox;
  display: flex;
  -webkit-flex-wrap: wrap;
  -ms-flex-wrap: wrap;
  flex-wrap: wrap;
  -webkit-flex-direction: row;
  -ms-flex-direction: row;
  flex-direction: row;
}

.c0 > label {
  padding-right: 8px;
}

.c0 > label:last-child {
  padding-right: 0px;
}

.c1 {
  font-size: 1rem;
  font-family: -apple-system,BlinkMacSystemFont,'Segoe UI','PingFang SC','Hiragino Sans GB','Microsoft YaHei',Roboto,'Noto Sans SC','Helvetica Neue',Helvetica,Arial,sans-serif,'Apple Color Emoji','Segoe UI Emoji','Segoe UI Symbol';
  font-weight: 400;
  color: rgba(0,0,0,0.87);
  margin: 0;
  padding: 0;
  display: -webkit-inline-box;
  display: -webkit-inline-flex;
  display: -ms-inline-flexbox;
  display: inline-flex;
  -webkit-flex-direction: row-reverse;
  -ms-flex-direction: row-reverse;
  flex-direction: row-reverse;
  -webkit-align-items: center;
  -webkit-box-align: center;
  -ms-flex-align: center;
  align-items: center;
  vertical-align: middle;
  -webkit-tap-highlight-color: transparent;
  box-sizing: border-box;
  cursor: pointer;
}

.c1 > .sinoui-checkbox,
.c1 > .sinoui-radio {
  -webkit-flex-shrink: 0;
  -ms-flex-negative: 0;
  flex-shrink: 0;
}

.c1 > .sinoui-form-control-label__title {
  word-break: break-all;
  word-wrap: break-word;
  display: -webkit-inline-box;
  display: -webkit-inline-flex;
  display: -ms-inline-flexbox;
  display: inline-flex;
  -webkit-align-items: center;
  -webkit-box-align: center;
  -ms-flex-align: center;
  align-items: center;
  line-height: 1.5;
}

.c2 {
  display: -webkit-inline-box;
  display: -webkit-inline-flex;
  display: -ms-inline-flexbox;
  display: inline-flex;
  -webkit-align-items: center;
  -webkit-box-align: center;
  -ms-flex-align: center;
  align-items: center;
  -webkit-box-pack: center;
  -webkit-justify-content: center;
  -ms-flex-pack: center;
  justify-content: center;
  position: relative;
  -webkit-tap-highlight-color: transparent;
  background-color: transparent;
  outline: 0;
  border: 0px;
  padding: 0px;
  margin: 0;
  border-radius: 0;
  vertical-align: middle;
  -webkit-appearance: none;
  -moz-appearance: none;
  appearance: none;
  -moz-appearance: none;
  -webkit-appearance: none;
  color: inherit;
  -webkit-text-decoration: none;
  text-decoration: none;
  pointer-events: default;
  cursor: pointer;
  -webkit-user-select: none;
  -moz-user-select: none;
  -ms-user-select: none;
  user-select: none;
}

.c2::-moz-focus-inner {
  border-style: none;
}

.c2:hover {
  background-color: rgba(0,0,0,0.04);
}

.c4 {
  font-size: 24px;
  width: 1em;
  height: 1em;
  fill: currentColor;
  -webkit-flex-shrink: 0;
  -ms-flex-negative: 0;
  flex-shrink: 0;
  -webkit-transition: color 200ms cubic-bezier(0.4,0.0,0.2,1) 0ms;
  transition: color 200ms cubic-bezier(0.4,0.0,0.2,1) 0ms;
  -webkit-user-select: none;
  -moz-user-select: none;
  -ms-user-select: none;
  user-select: none;
  display: inline-block;
}

.c3 {
  position: relative;
  display: -webkit-inline-box;
  display: -webkit-inline-flex;
  display: -ms-inline-flexbox;
  display: inline-flex;
  -webkit-box-pack: center;
  -webkit-justify-content: center;
  -ms-flex-pack: center;
  justify-content: center;
  -webkit-align-items: center;
  -webkit-box-align: center;
  -ms-flex-align: center;
  align-items: center;
  outline: none;
  border: 0px;
  vertical-align: middle;
  -webkit-appearance: none;
  -moz-appearance: none;
  appearance: none;
  -webkit-text-decoration: none;
  text-decoration: none;
  pointer-events: default;
  width: 40px;
  height: 40px;
  border-radius: 50%;
  color: rgba(0,0,0,0.6);
}

.c3::-moz-focus-inner {
  border-style: none;
}

.c3 .sinoui-svg-icon {
  font-size: 24px;
}

.c3:hover {
  background-color: rgba(0,0,0,0.04);
}

.c3:focus {
  background-color: rgba(63,81,181,0.04);
}

.c3.sinoui-checkbox--disabled {
  cursor: default;
  pointer-events: none;
  background-color: transparent;
  color: rgba(0,0,0,0.38);
}

.c3.sinoui-checkbox--readOnly {
  color: rgba(0,0,0,0.38);
}

.c3 .sinoui-checkbox__input {
  cursor: inherit;
  position: absolute;
  opacity: 0;
  height: 100%;
  width: 100%;
  top: 0px;
  left: 0px;
  margin: 0px;
  padding: 0px;
  border: none;
}

.c3 .sinoui-checkbox__ripple {
  width: 40px;
  height: 40px;
  border-radius: 50%;
}

.c3 .sinoui-checkbox__ripple-layout {
  width: 40px;
  height: 40px;
}

.c3.sinoui-checkbox--dense {
  height: 32px;
  width: 32px;
}

.c3.sinoui-checkbox--dense .sinoui-checkbox__ripple {
  width: 32px;
  height: 32px;
  border-radius: 50%;
}

.c3.sinoui-checkbox--dense .sinoui-checkbox__ripple-layout {
  width: 32px;
  height: 32px;
}

@media (hover:none) {
  .c2:hover {
    background-color: transparent;
  }
}

@media (hover:none) {
  .c3:hover {
    background-color: transparent;
  }
}

<div
    className="c0 sinoui-checkbox-group sinoui-form-group"
    onChange={[Function]}
  >
    <label
      className="sc-AxgMl c1 sinoui-form-control-label"
    >
      <span
        checked={false}
        className="c2 sinoui-base-button c3 sinoui-checkbox"
        color="primary"
        onClick={[Function]}
        tabIndex="0"
      >
        <svg
          aria-hidden="true"
          className="c4 sinoui-svg-icon"
          focusable="false"
          role="presentation"
          size={24}
          viewBox="0 0 24 24"
        >
          <path
            d="M19 5v14H5V5h14m0-2H5c-1.1 0-2 .9-2 2v14c0 1.1.9 2 2 2h14c1.1 0 2-.9 2-2V5c0-1.1-.9-2-2-2z"
          />
        </svg>
        <input
          checked={false}
          className="sinoui-checkbox__input"
          onChange={[Function]}
          type="checkbox"
          value="1"
        />
      </span>
      <span
        className="sinoui-form-control-label__title"
      >
        复选框1
      </span>
    </label>
    <label
      className="sc-AxgMl c1 sinoui-form-control-label"
    >
      <span
        checked={false}
        className="c2 sinoui-base-button c3 sinoui-checkbox"
        color="primary"
        onClick={[Function]}
        tabIndex="0"
      >
        <svg
          aria-hidden="true"
          className="c4 sinoui-svg-icon"
          focusable="false"
          role="presentation"
          size={24}
          viewBox="0 0 24 24"
        >
          <path
            d="M19 5v14H5V5h14m0-2H5c-1.1 0-2 .9-2 2v14c0 1.1.9 2 2 2h14c1.1 0 2-.9 2-2V5c0-1.1-.9-2-2-2z"
          />
        </svg>
        <input
          checked={false}
          className="sinoui-checkbox__input"
          onChange={[Function]}
          type="checkbox"
          value="2"
        />
      </span>
      <span
        className="sinoui-form-control-label__title"
      >
        复选框2
      </span>
    </label>
  </div>,
]
`;

exports[`CheckboxGroup组件 快照测试 设置网格对齐布局默认3列 1`] = `
Array [
  @media (hover:none) {

}

@media (hover:none) {

}

<p>
    默认：
  </p>,
  .c0 {
  display: -webkit-box;
  display: -webkit-flex;
  display: -ms-flexbox;
  display: flex;
  -webkit-flex-wrap: wrap;
  -ms-flex-wrap: wrap;
  flex-wrap: wrap;
  -webkit-flex-direction: row;
  -ms-flex-direction: row;
  flex-direction: row;
}

.c0 > label {
  padding-right: 8px;
}

.c0 > label:last-child {
  padding-right: 0px;
}

.c0 > label {
  width: 33.333333333333336%;
}

.c0 > label {
  -webkit-transform: translate(-11px,0px);
  -ms-transform: translate(-11px,0px);
  transform: translate(-11px,0px);
}

.c1 {
  font-size: 1rem;
  font-family: -apple-system,BlinkMacSystemFont,'Segoe UI','PingFang SC','Hiragino Sans GB','Microsoft YaHei',Roboto,'Noto Sans SC','Helvetica Neue',Helvetica,Arial,sans-serif,'Apple Color Emoji','Segoe UI Emoji','Segoe UI Symbol';
  font-weight: 400;
  color: rgba(0,0,0,0.87);
  margin: 0;
  padding: 0;
  display: -webkit-inline-box;
  display: -webkit-inline-flex;
  display: -ms-inline-flexbox;
  display: inline-flex;
  -webkit-flex-direction: row;
  -ms-flex-direction: row;
  flex-direction: row;
  -webkit-align-items: center;
  -webkit-box-align: center;
  -ms-flex-align: center;
  align-items: center;
  vertical-align: middle;
  -webkit-tap-highlight-color: transparent;
  box-sizing: border-box;
  cursor: pointer;
}

.c1 > .sinoui-checkbox,
.c1 > .sinoui-radio {
  -webkit-flex-shrink: 0;
  -ms-flex-negative: 0;
  flex-shrink: 0;
}

.c1 > .sinoui-form-control-label__title {
  word-break: break-all;
  word-wrap: break-word;
  display: -webkit-inline-box;
  display: -webkit-inline-flex;
  display: -ms-inline-flexbox;
  display: inline-flex;
  -webkit-align-items: center;
  -webkit-box-align: center;
  -ms-flex-align: center;
  align-items: center;
  line-height: 1.5;
}

.c2 {
  display: -webkit-inline-box;
  display: -webkit-inline-flex;
  display: -ms-inline-flexbox;
  display: inline-flex;
  -webkit-align-items: center;
  -webkit-box-align: center;
  -ms-flex-align: center;
  align-items: center;
  -webkit-box-pack: center;
  -webkit-justify-content: center;
  -ms-flex-pack: center;
  justify-content: center;
  position: relative;
  -webkit-tap-highlight-color: transparent;
  background-color: transparent;
  outline: 0;
  border: 0px;
  padding: 0px;
  margin: 0;
  border-radius: 0;
  vertical-align: middle;
  -webkit-appearance: none;
  -moz-appearance: none;
  appearance: none;
  -moz-appearance: none;
  -webkit-appearance: none;
  color: inherit;
  -webkit-text-decoration: none;
  text-decoration: none;
  pointer-events: default;
  cursor: pointer;
  -webkit-user-select: none;
  -moz-user-select: none;
  -ms-user-select: none;
  user-select: none;
}

.c2::-moz-focus-inner {
  border-style: none;
}

.c2:hover {
  background-color: rgba(0,0,0,0.04);
}

.c4 {
  font-size: 24px;
  width: 1em;
  height: 1em;
  fill: currentColor;
  -webkit-flex-shrink: 0;
  -ms-flex-negative: 0;
  flex-shrink: 0;
  -webkit-transition: color 200ms cubic-bezier(0.4,0.0,0.2,1) 0ms;
  transition: color 200ms cubic-bezier(0.4,0.0,0.2,1) 0ms;
  -webkit-user-select: none;
  -moz-user-select: none;
  -ms-user-select: none;
  user-select: none;
  display: inline-block;
}

.c3 {
  position: relative;
  display: -webkit-inline-box;
  display: -webkit-inline-flex;
  display: -ms-inline-flexbox;
  display: inline-flex;
  -webkit-box-pack: center;
  -webkit-justify-content: center;
  -ms-flex-pack: center;
  justify-content: center;
  -webkit-align-items: center;
  -webkit-box-align: center;
  -ms-flex-align: center;
  align-items: center;
  outline: none;
  border: 0px;
  vertical-align: middle;
  -webkit-appearance: none;
  -moz-appearance: none;
  appearance: none;
  -webkit-text-decoration: none;
  text-decoration: none;
  pointer-events: default;
  width: 40px;
  height: 40px;
  border-radius: 50%;
  color: rgba(0,0,0,0.6);
}

.c3::-moz-focus-inner {
  border-style: none;
}

.c3 .sinoui-svg-icon {
  font-size: 24px;
}

.c3:hover {
  background-color: rgba(0,0,0,0.04);
}

.c3:focus {
  background-color: rgba(63,81,181,0.04);
}

.c3.sinoui-checkbox--disabled {
  cursor: default;
  pointer-events: none;
  background-color: transparent;
  color: rgba(0,0,0,0.38);
}

.c3.sinoui-checkbox--readOnly {
  color: rgba(0,0,0,0.38);
}

.c3 .sinoui-checkbox__input {
  cursor: inherit;
  position: absolute;
  opacity: 0;
  height: 100%;
  width: 100%;
  top: 0px;
  left: 0px;
  margin: 0px;
  padding: 0px;
  border: none;
}

.c3 .sinoui-checkbox__ripple {
  width: 40px;
  height: 40px;
  border-radius: 50%;
}

.c3 .sinoui-checkbox__ripple-layout {
  width: 40px;
  height: 40px;
}

.c3.sinoui-checkbox--dense {
  height: 32px;
  width: 32px;
}

.c3.sinoui-checkbox--dense .sinoui-checkbox__ripple {
  width: 32px;
  height: 32px;
  border-radius: 50%;
}

.c3.sinoui-checkbox--dense .sinoui-checkbox__ripple-layout {
  width: 32px;
  height: 32px;
}

@media (hover:none) {
  .c2:hover {
    background-color: transparent;
  }
}

@media (hover:none) {
  .c3:hover {
    background-color: transparent;
  }
}

<div
    className="c0 sinoui-checkbox-group sinoui-form-group"
    onChange={[Function]}
  >
    <label
      className="sc-AxgMl c1 sinoui-form-control-label"
    >
      <span
        checked={false}
        className="c2 sinoui-base-button c3 sinoui-checkbox"
        color="primary"
        onClick={[Function]}
        tabIndex="0"
      >
        <svg
          aria-hidden="true"
          className="c4 sinoui-svg-icon"
          focusable="false"
          role="presentation"
          size={24}
          viewBox="0 0 24 24"
        >
          <path
            d="M19 5v14H5V5h14m0-2H5c-1.1 0-2 .9-2 2v14c0 1.1.9 2 2 2h14c1.1 0 2-.9 2-2V5c0-1.1-.9-2-2-2z"
          />
        </svg>
        <input
          checked={false}
          className="sinoui-checkbox__input"
          onChange={[Function]}
          type="checkbox"
          value="1"
        />
      </span>
      <span
        className="sinoui-form-control-label__title"
      >
        复选框1
      </span>
    </label>
    <label
      className="sc-AxgMl c1 sinoui-form-control-label"
    >
      <span
        checked={false}
        className="c2 sinoui-base-button c3 sinoui-checkbox"
        color="primary"
        onClick={[Function]}
        tabIndex="0"
      >
        <svg
          aria-hidden="true"
          className="c4 sinoui-svg-icon"
          focusable="false"
          role="presentation"
          size={24}
          viewBox="0 0 24 24"
        >
          <path
            d="M19 5v14H5V5h14m0-2H5c-1.1 0-2 .9-2 2v14c0 1.1.9 2 2 2h14c1.1 0 2-.9 2-2V5c0-1.1-.9-2-2-2z"
          />
        </svg>
        <input
          checked={false}
          className="sinoui-checkbox__input"
          onChange={[Function]}
          type="checkbox"
          value="2"
        />
      </span>
      <span
        className="sinoui-form-control-label__title"
      >
        复选框2
      </span>
    </label>
    <label
      className="sc-AxgMl c1 sinoui-form-control-label"
    >
      <span
        checked={false}
        className="c2 sinoui-base-button c3 sinoui-checkbox"
        color="primary"
        onClick={[Function]}
        tabIndex="0"
      >
        <svg
          aria-hidden="true"
          className="c4 sinoui-svg-icon"
          focusable="false"
          role="presentation"
          size={24}
          viewBox="0 0 24 24"
        >
          <path
            d="M19 5v14H5V5h14m0-2H5c-1.1 0-2 .9-2 2v14c0 1.1.9 2 2 2h14c1.1 0 2-.9 2-2V5c0-1.1-.9-2-2-2z"
          />
        </svg>
        <input
          checked={false}
          className="sinoui-checkbox__input"
          onChange={[Function]}
          type="checkbox"
          value="3"
        />
      </span>
      <span
        className="sinoui-form-control-label__title"
      >
        复选框3
      </span>
    </label>
    <label
      className="sc-AxgMl c1 sinoui-form-control-label"
    >
      <span
        checked={false}
        className="c2 sinoui-base-button c3 sinoui-checkbox"
        color="primary"
        onClick={[Function]}
        tabIndex="0"
      >
        <svg
          aria-hidden="true"
          className="c4 sinoui-svg-icon"
          focusable="false"
          role="presentation"
          size={24}
          viewBox="0 0 24 24"
        >
          <path
            d="M19 5v14H5V5h14m0-2H5c-1.1 0-2 .9-2 2v14c0 1.1.9 2 2 2h14c1.1 0 2-.9 2-2V5c0-1.1-.9-2-2-2z"
          />
        </svg>
        <input
          checked={false}
          className="sinoui-checkbox__input"
          onChange={[Function]}
          type="checkbox"
          value="4"
        />
      </span>
      <span
        className="sinoui-form-control-label__title"
      >
        复选框4
      </span>
    </label>
    <label
      className="sc-AxgMl c1 sinoui-form-control-label"
    >
      <span
        checked={false}
        className="c2 sinoui-base-button c3 sinoui-checkbox"
        color="primary"
        onClick={[Function]}
        tabIndex="0"
      >
        <svg
          aria-hidden="true"
          className="c4 sinoui-svg-icon"
          focusable="false"
          role="presentation"
          size={24}
          viewBox="0 0 24 24"
        >
          <path
            d="M19 5v14H5V5h14m0-2H5c-1.1 0-2 .9-2 2v14c0 1.1.9 2 2 2h14c1.1 0 2-.9 2-2V5c0-1.1-.9-2-2-2z"
          />
        </svg>
        <input
          checked={false}
          className="sinoui-checkbox__input"
          onChange={[Function]}
          type="checkbox"
          value="5"
        />
      </span>
      <span
        className="sinoui-form-control-label__title"
      >
        复选框5
      </span>
    </label>
  </div>,
  @media (hover:none) {

}

@media (hover:none) {

}

<p>
    设置colums为4：
  </p>,
  .c0 {
  display: -webkit-box;
  display: -webkit-flex;
  display: -ms-flexbox;
  display: flex;
  -webkit-flex-wrap: wrap;
  -ms-flex-wrap: wrap;
  flex-wrap: wrap;
  -webkit-flex-direction: row;
  -ms-flex-direction: row;
  flex-direction: row;
}

.c0 > label {
  padding-right: 8px;
}

.c0 > label:last-child {
  padding-right: 0px;
}

.c0 > label {
  width: 25%;
}

.c0 > label {
  -webkit-transform: translate(-11px,0px);
  -ms-transform: translate(-11px,0px);
  transform: translate(-11px,0px);
}

.c1 {
  font-size: 1rem;
  font-family: -apple-system,BlinkMacSystemFont,'Segoe UI','PingFang SC','Hiragino Sans GB','Microsoft YaHei',Roboto,'Noto Sans SC','Helvetica Neue',Helvetica,Arial,sans-serif,'Apple Color Emoji','Segoe UI Emoji','Segoe UI Symbol';
  font-weight: 400;
  color: rgba(0,0,0,0.87);
  margin: 0;
  padding: 0;
  display: -webkit-inline-box;
  display: -webkit-inline-flex;
  display: -ms-inline-flexbox;
  display: inline-flex;
  -webkit-flex-direction: row;
  -ms-flex-direction: row;
  flex-direction: row;
  -webkit-align-items: center;
  -webkit-box-align: center;
  -ms-flex-align: center;
  align-items: center;
  vertical-align: middle;
  -webkit-tap-highlight-color: transparent;
  box-sizing: border-box;
  cursor: pointer;
}

.c1 > .sinoui-checkbox,
.c1 > .sinoui-radio {
  -webkit-flex-shrink: 0;
  -ms-flex-negative: 0;
  flex-shrink: 0;
}

.c1 > .sinoui-form-control-label__title {
  word-break: break-all;
  word-wrap: break-word;
  display: -webkit-inline-box;
  display: -webkit-inline-flex;
  display: -ms-inline-flexbox;
  display: inline-flex;
  -webkit-align-items: center;
  -webkit-box-align: center;
  -ms-flex-align: center;
  align-items: center;
  line-height: 1.5;
}

.c2 {
  display: -webkit-inline-box;
  display: -webkit-inline-flex;
  display: -ms-inline-flexbox;
  display: inline-flex;
  -webkit-align-items: center;
  -webkit-box-align: center;
  -ms-flex-align: center;
  align-items: center;
  -webkit-box-pack: center;
  -webkit-justify-content: center;
  -ms-flex-pack: center;
  justify-content: center;
  position: relative;
  -webkit-tap-highlight-color: transparent;
  background-color: transparent;
  outline: 0;
  border: 0px;
  padding: 0px;
  margin: 0;
  border-radius: 0;
  vertical-align: middle;
  -webkit-appearance: none;
  -moz-appearance: none;
  appearance: none;
  -moz-appearance: none;
  -webkit-appearance: none;
  color: inherit;
  -webkit-text-decoration: none;
  text-decoration: none;
  pointer-events: default;
  cursor: pointer;
  -webkit-user-select: none;
  -moz-user-select: none;
  -ms-user-select: none;
  user-select: none;
}

.c2::-moz-focus-inner {
  border-style: none;
}

.c2:hover {
  background-color: rgba(0,0,0,0.04);
}

.c4 {
  font-size: 24px;
  width: 1em;
  height: 1em;
  fill: currentColor;
  -webkit-flex-shrink: 0;
  -ms-flex-negative: 0;
  flex-shrink: 0;
  -webkit-transition: color 200ms cubic-bezier(0.4,0.0,0.2,1) 0ms;
  transition: color 200ms cubic-bezier(0.4,0.0,0.2,1) 0ms;
  -webkit-user-select: none;
  -moz-user-select: none;
  -ms-user-select: none;
  user-select: none;
  display: inline-block;
}

.c3 {
  position: relative;
  display: -webkit-inline-box;
  display: -webkit-inline-flex;
  display: -ms-inline-flexbox;
  display: inline-flex;
  -webkit-box-pack: center;
  -webkit-justify-content: center;
  -ms-flex-pack: center;
  justify-content: center;
  -webkit-align-items: center;
  -webkit-box-align: center;
  -ms-flex-align: center;
  align-items: center;
  outline: none;
  border: 0px;
  vertical-align: middle;
  -webkit-appearance: none;
  -moz-appearance: none;
  appearance: none;
  -webkit-text-decoration: none;
  text-decoration: none;
  pointer-events: default;
  width: 40px;
  height: 40px;
  border-radius: 50%;
  color: rgba(0,0,0,0.6);
}

.c3::-moz-focus-inner {
  border-style: none;
}

.c3 .sinoui-svg-icon {
  font-size: 24px;
}

.c3:hover {
  background-color: rgba(0,0,0,0.04);
}

.c3:focus {
  background-color: rgba(63,81,181,0.04);
}

.c3.sinoui-checkbox--disabled {
  cursor: default;
  pointer-events: none;
  background-color: transparent;
  color: rgba(0,0,0,0.38);
}

.c3.sinoui-checkbox--readOnly {
  color: rgba(0,0,0,0.38);
}

.c3 .sinoui-checkbox__input {
  cursor: inherit;
  position: absolute;
  opacity: 0;
  height: 100%;
  width: 100%;
  top: 0px;
  left: 0px;
  margin: 0px;
  padding: 0px;
  border: none;
}

.c3 .sinoui-checkbox__ripple {
  width: 40px;
  height: 40px;
  border-radius: 50%;
}

.c3 .sinoui-checkbox__ripple-layout {
  width: 40px;
  height: 40px;
}

.c3.sinoui-checkbox--dense {
  height: 32px;
  width: 32px;
}

.c3.sinoui-checkbox--dense .sinoui-checkbox__ripple {
  width: 32px;
  height: 32px;
  border-radius: 50%;
}

.c3.sinoui-checkbox--dense .sinoui-checkbox__ripple-layout {
  width: 32px;
  height: 32px;
}

@media (hover:none) {
  .c2:hover {
    background-color: transparent;
  }
}

@media (hover:none) {
  .c3:hover {
    background-color: transparent;
  }
}

<div
    className="c0 sinoui-checkbox-group sinoui-form-group"
    onChange={[Function]}
  >
    <label
      className="sc-AxgMl c1 sinoui-form-control-label"
    >
      <span
        checked={false}
        className="c2 sinoui-base-button c3 sinoui-checkbox"
        color="primary"
        onClick={[Function]}
        tabIndex="0"
      >
        <svg
          aria-hidden="true"
          className="c4 sinoui-svg-icon"
          focusable="false"
          role="presentation"
          size={24}
          viewBox="0 0 24 24"
        >
          <path
            d="M19 5v14H5V5h14m0-2H5c-1.1 0-2 .9-2 2v14c0 1.1.9 2 2 2h14c1.1 0 2-.9 2-2V5c0-1.1-.9-2-2-2z"
          />
        </svg>
        <input
          checked={false}
          className="sinoui-checkbox__input"
          onChange={[Function]}
          type="checkbox"
          value="1"
        />
      </span>
      <span
        className="sinoui-form-control-label__title"
      >
        复选框1
      </span>
    </label>
    <label
      className="sc-AxgMl c1 sinoui-form-control-label"
    >
      <span
        checked={false}
        className="c2 sinoui-base-button c3 sinoui-checkbox"
        color="primary"
        onClick={[Function]}
        tabIndex="0"
      >
        <svg
          aria-hidden="true"
          className="c4 sinoui-svg-icon"
          focusable="false"
          role="presentation"
          size={24}
          viewBox="0 0 24 24"
        >
          <path
            d="M19 5v14H5V5h14m0-2H5c-1.1 0-2 .9-2 2v14c0 1.1.9 2 2 2h14c1.1 0 2-.9 2-2V5c0-1.1-.9-2-2-2z"
          />
        </svg>
        <input
          checked={false}
          className="sinoui-checkbox__input"
          onChange={[Function]}
          type="checkbox"
          value="2"
        />
      </span>
      <span
        className="sinoui-form-control-label__title"
      >
        复选框2
      </span>
    </label>
    <label
      className="sc-AxgMl c1 sinoui-form-control-label"
    >
      <span
        checked={false}
        className="c2 sinoui-base-button c3 sinoui-checkbox"
        color="primary"
        onClick={[Function]}
        tabIndex="0"
      >
        <svg
          aria-hidden="true"
          className="c4 sinoui-svg-icon"
          focusable="false"
          role="presentation"
          size={24}
          viewBox="0 0 24 24"
        >
          <path
            d="M19 5v14H5V5h14m0-2H5c-1.1 0-2 .9-2 2v14c0 1.1.9 2 2 2h14c1.1 0 2-.9 2-2V5c0-1.1-.9-2-2-2z"
          />
        </svg>
        <input
          checked={false}
          className="sinoui-checkbox__input"
          onChange={[Function]}
          type="checkbox"
          value="3"
        />
      </span>
      <span
        className="sinoui-form-control-label__title"
      >
        复选框3
      </span>
    </label>
    <label
      className="sc-AxgMl c1 sinoui-form-control-label"
    >
      <span
        checked={false}
        className="c2 sinoui-base-button c3 sinoui-checkbox"
        color="primary"
        onClick={[Function]}
        tabIndex="0"
      >
        <svg
          aria-hidden="true"
          className="c4 sinoui-svg-icon"
          focusable="false"
          role="presentation"
          size={24}
          viewBox="0 0 24 24"
        >
          <path
            d="M19 5v14H5V5h14m0-2H5c-1.1 0-2 .9-2 2v14c0 1.1.9 2 2 2h14c1.1 0 2-.9 2-2V5c0-1.1-.9-2-2-2z"
          />
        </svg>
        <input
          checked={false}
          className="sinoui-checkbox__input"
          onChange={[Function]}
          type="checkbox"
          value="4"
        />
      </span>
      <span
        className="sinoui-form-control-label__title"
      >
        复选框4
      </span>
    </label>
    <label
      className="sc-AxgMl c1 sinoui-form-control-label"
    >
      <span
        checked={false}
        className="c2 sinoui-base-button c3 sinoui-checkbox"
        color="primary"
        onClick={[Function]}
        tabIndex="0"
      >
        <svg
          aria-hidden="true"
          className="c4 sinoui-svg-icon"
          focusable="false"
          role="presentation"
          size={24}
          viewBox="0 0 24 24"
        >
          <path
            d="M19 5v14H5V5h14m0-2H5c-1.1 0-2 .9-2 2v14c0 1.1.9 2 2 2h14c1.1 0 2-.9 2-2V5c0-1.1-.9-2-2-2z"
          />
        </svg>
        <input
          checked={false}
          className="sinoui-checkbox__input"
          onChange={[Function]}
          type="checkbox"
          value="5"
        />
      </span>
      <span
        className="sinoui-form-control-label__title"
      >
        复选框5
      </span>
    </label>
  </div>,
]
`;
