// Jest Snapshot v1, https://goo.gl/fbAQLP

exports[`快照测试 分钟视图 1`] = `
<div
  className="sc-AxhUy gYFcZv sinoui-time-picker-mobile-view__clock"
  onMouseDown={[Function]}
  onMouseMove={[Function]}
  onMouseUp={[Function]}
  onTouchEnd={[Function]}
  onTouchMove={[Function]}
  onTouchStart={[Function]}
>
  <div
    className="sc-AxjAm mxbDH"
    data-clock-number={1}
  />
  <div
    className="sc-AxjAm kWfIAT"
    data-clock-number={2}
  />
  <div
    className="sc-AxjAm hvEznH"
    data-clock-number={3}
  />
  <div
    className="sc-AxjAm ghhGfr"
    data-clock-number={4}
  />
  <div
    className="sc-AxjAm gfDCqv"
    data-clock-number={5}
  >
    05
  </div>
  <div
    className="sc-AxjAm jqGjCv"
    data-clock-number={6}
  />
  <div
    className="sc-AxjAm kYeaFj"
    data-clock-number={7}
  />
  <div
    className="sc-AxjAm hZtcUD"
    data-clock-number={8}
  />
  <div
    className="sc-AxjAm dRKQVP"
    data-clock-number={9}
  />
  <div
    className="sc-AxjAm ebzboT"
    data-clock-number={10}
  >
    10
  </div>
  <div
    className="sc-AxjAm cBJTYD"
    data-clock-number={11}
  />
  <div
    className="sc-AxjAm eOjkoD"
    data-clock-number={12}
  />
  <div
    className="sc-AxjAm xHcFP"
    data-clock-number={13}
  />
  <div
    className="sc-AxjAm gCtjDb"
    data-clock-number={14}
  />
  <div
    className="sc-AxjAm bnnJJm"
    data-clock-number={15}
  >
    15
  </div>
  <div
    className="sc-AxjAm jZIKvX"
    data-clock-number={16}
  />
  <div
    className="sc-AxjAm jTfsvX"
    data-clock-number={17}
  />
  <div
    className="sc-AxjAm hVzFtj"
    data-clock-number={18}
  />
  <div
    className="sc-AxjAm gkJGrb"
    data-clock-number={19}
  />
  <div
    className="sc-AxjAm hYElOf"
    data-clock-number={20}
  >
    20
  </div>
  <div
    className="sc-AxjAm idaCsT"
    data-clock-number={21}
  />
  <div
    className="sc-AxjAm fiMTUn"
    data-clock-number={22}
  />
  <div
    className="sc-AxjAm freEDX"
    data-clock-number={23}
  />
  <div
    className="sc-AxjAm fTEVif"
    data-clock-number={24}
  />
  <div
    className="sc-AxjAm eyFkWv"
    data-clock-number={25}
  >
    25
  </div>
  <div
    className="sc-AxjAm fIaVhz"
    data-clock-number={26}
  />
  <div
    className="sc-AxjAm gqWgYn"
    data-clock-number={27}
  />
  <div
    className="sc-AxjAm imIcxj"
    data-clock-number={28}
  />
  <div
    className="sc-AxjAm kBrQNP"
    data-clock-number={29}
  />
  <div
    className="sc-AxjAm emMJz"
    data-clock-number={30}
  >
    30
  </div>
  <div
    className="sc-AxjAm ecaLPX"
    data-clock-number={31}
  />
  <div
    className="sc-AxjAm ixYSFP"
    data-clock-number={32}
  />
  <div
    className="sc-AxjAm SOGzH"
    data-clock-number={33}
  />
  <div
    className="sc-AxjAm ifPUqv"
    data-clock-number={34}
  />
  <div
    className="sc-AxjAm gvpLfH"
    data-clock-number={35}
  >
    35
  </div>
  <div
    className="sc-AxjAm lcotrr"
    data-clock-number={36}
  />
  <div
    className="sc-AxjAm fvRPuv"
    data-clock-number={37}
  />
  <div
    className="sc-AxjAm iZpLKv"
    data-clock-number={38}
  />
  <div
    className="sc-AxjAm djVbHX"
    data-clock-number={39}
  />
  <div
    className="sc-AxjAm eewICL"
    data-clock-number={40}
  >
    40
  </div>
  <div
    className="sc-AxjAm iFSfXX"
    data-clock-number={41}
  />
  <div
    className="sc-AxjAm haVhDH"
    data-clock-number={42}
  />
  <div
    className="sc-AxjAm bzSwKf"
    data-clock-number={43}
  />
  <div
    className="sc-AxjAm axtP"
    data-clock-number={44}
  />
  <div
    className="sc-AxjAm iVBebb"
    data-clock-number={45}
  >
    45
  </div>
  <div
    className="sc-AxjAm erlEav"
    data-clock-number={46}
  />
  <div
    className="sc-AxjAm dccySf"
    data-clock-number={47}
  />
  <div
    className="sc-AxjAm ZfRSv"
    data-clock-number={48}
  />
  <div
    className="sc-AxjAm Uskzb"
    data-clock-number={49}
  />
  <div
    className="sc-AxjAm ezVgNP"
    data-clock-number={50}
  >
    50
  </div>
  <div
    className="sc-AxjAm ejlENP"
    data-clock-number={51}
  />
  <div
    className="sc-AxjAm dIzgmL"
    data-clock-number={52}
  />
  <div
    className="sc-AxjAm hWQOpP"
    data-clock-number={53}
  />
  <div
    className="sc-AxjAm gUnhfb"
    data-clock-number={54}
  />
  <div
    className="sc-AxjAm iiuIkn"
    data-clock-number={55}
  >
    55
  </div>
  <div
    className="sc-AxjAm eOWBPX"
    data-clock-number={56}
  />
  <div
    className="sc-AxjAm hStaf"
    data-clock-number={57}
  />
  <div
    className="sc-AxjAm kTTBRj"
    data-clock-number={58}
  />
  <div
    className="sc-AxjAm knXjyf"
    data-clock-number={59}
  />
  <div
    className="sc-AxjAm eXvpdZ"
    data-clock-number={0}
  >
    00
  </div>
  <div
    className="sc-AxirZ mcTG"
  />
  <div
    className="sc-AxiKw jDdSoh"
  >
    <div
      className="sc-AxhCb iTIGXN sinoui-clock__pointer-minute-dot"
    />
  </div>
</div>
`;

exports[`快照测试 小时视图 1`] = `
<div
  className="sc-AxhUy gYFcZv sinoui-time-picker-mobile-view__clock"
  onMouseDown={[Function]}
  onMouseMove={[Function]}
  onMouseUp={[Function]}
  onTouchEnd={[Function]}
  onTouchMove={[Function]}
  onTouchStart={[Function]}
>
  <div
    className="sc-AxjAm gfDCqv"
    data-clock-number={1}
  >
    1
  </div>
  <div
    className="sc-AxjAm ebzboT"
    data-clock-number={2}
  >
    2
  </div>
  <div
    className="sc-AxjAm eynVhw"
    data-clock-number={3}
  >
    3
  </div>
  <div
    className="sc-AxjAm hYElOf"
    data-clock-number={4}
  >
    4
  </div>
  <div
    className="sc-AxjAm eyFkWv"
    data-clock-number={5}
  >
    5
  </div>
  <div
    className="sc-AxjAm emMJz"
    data-clock-number={6}
  >
    6
  </div>
  <div
    className="sc-AxjAm gvpLfH"
    data-clock-number={7}
  >
    7
  </div>
  <div
    className="sc-AxjAm eewICL"
    data-clock-number={8}
  >
    8
  </div>
  <div
    className="sc-AxjAm iVBebb"
    data-clock-number={9}
  >
    9
  </div>
  <div
    className="sc-AxjAm ezVgNP"
    data-clock-number={10}
  >
    10
  </div>
  <div
    className="sc-AxjAm iiuIkn"
    data-clock-number={11}
  >
    11
  </div>
  <div
    className="sc-AxjAm cSTVrr"
    data-clock-number={12}
  >
    12
  </div>
  <div
    className="sc-AxirZ mcTG"
  />
  <div
    className="sc-AxiKw PRUSw"
  >
    <div
      className="sc-AxhCb iTIGXN sinoui-clock__pointer-minute-dot"
    />
  </div>
</div>
`;
