// Jest Snapshot v1, https://goo.gl/fbAQLP

exports[`快照测试 TimeInputView 1`] = `
<div
  className="sinoui-time-picker-mobile-view__keyboard"
>
  <h6
    className="sinoui-typography sinoui-typography--subtitle1 "
    color="textPrimary"
    type="subtitle1"
  >
    请输入时间
  </h6>
  <div
    className="sinoui-date-time-mobile-view__timeview"
  >
    <div
      className="sinoui-date-time-mobile-view__timeview-hour-input sinoui-date-time-mobile-view__timeview-hour-input--shrink sinoui-date-time-mobile-view__timeview-hour-input--no-label "
    >
      <div
        className="sinoui-base-input "
        data-testid="baseInput"
        onClick={[Function]}
      >
        <input
          className="sinoui-base-input__input"
          max={23}
          min={0}
          onBlur={[Function]}
          onChange={[Function]}
          onFocus={[Function]}
          placeholder="12"
          type="number"
          value="12"
        />
      </div>
      <div
        className="sinoui-helper-text"
      >
        点
      </div>
    </div>
    <p
      className="sinoui-typography sinoui-typography--body2 "
      color="textPrimary"
      type="body2"
    >
      :
    </p>
    <div
      className="sinoui-date-time-mobile-view__timeview-minute-input sinoui-date-time-mobile-view__timeview-minute-input--shrink sinoui-date-time-mobile-view__timeview-minute-input--no-label "
    >
      <div
        className="sinoui-base-input "
        data-testid="baseInput"
        onClick={[Function]}
      >
        <input
          className="sinoui-base-input__input"
          max={59}
          min={0}
          onBlur={[Function]}
          onChange={[Function]}
          onFocus={[Function]}
          placeholder="12"
          type="number"
          value="12"
        />
      </div>
      <div
        className="sinoui-helper-text"
      >
        分
      </div>
    </div>
  </div>
</div>
`;
