// Jest Snapshot v1, https://goo.gl/fbAQLP

exports[`快照测试 Clock 1`] = `
<div
  className="sc-AxjAm eAeOPT"
  data-sinoui-id="modal"
  onClick={[Function]}
  onKeyDown={[Function]}
>
  <div
    aria-hidden="true"
    className="sc-AxirZ dXSBgW"
    data-testid="sinoui-modal-backdrop"
    onClick={[Function]}
    style={
      Object {
        "opacity": 1,
        "visibility": undefined,
      }
    }
  />
  <div
    className="sc-AxiKw sc-fznxKY gvuVQq sinoui-time-picker-mobile-view sinoui-paper"
    style={
      Object {
        "opacity": 1,
        "visibility": undefined,
      }
    }
  >
    <div
      className="sc-fzoLsD jWDFl"
    >
      <div
        className="sinoui-time-picker-mobile-view__header-am-pm"
      >
        <div
          className="sc-fzozJi bULAjP"
          onClick={[Function]}
          selected={false}
        >
          上午
        </div>
        <div
          className="sc-fzozJi hmepBz"
          onClick={[Function]}
          selected={true}
        >
          下午
        </div>
      </div>
      <div
        className="sinoui-time-picker-mobile-view__header-hour-minute"
      >
        <div
          className="sc-fzozJi hmepBz"
          onClick={[Function]}
          selected={true}
        >
          07
        </div>
        <div
          className="sc-fzozJi bULAjP"
          onClick={[Function]}
          selected={false}
        >
          21
        </div>
      </div>
    </div>
    <div
      className="sinoui-time-picker-mobile-view__main"
    >
      <div
        className="sc-AxmLO jwvxqR sinoui-time-picker-mobile-view__clock"
        onMouseDown={[Function]}
        onMouseMove={[Function]}
        onMouseUp={[Function]}
        onTouchEnd={[Function]}
        onTouchMove={[Function]}
        onTouchStart={[Function]}
      >
        <div
          className="sc-AxhCb ZdwHg"
          data-hour-value={1}
        >
          1
        </div>
        <div
          className="sc-AxhCb hiYmXM"
          data-hour-value={2}
        >
          2
        </div>
        <div
          className="sc-AxhCb MvbBR"
          data-hour-value={3}
        >
          3
        </div>
        <div
          className="sc-AxhCb cWwUXg"
          data-hour-value={4}
        >
          4
        </div>
        <div
          className="sc-AxhCb hoFVYI"
          data-hour-value={5}
        >
          5
        </div>
        <div
          className="sc-AxhCb bTbvLg"
          data-hour-value={6}
        >
          6
        </div>
        <div
          className="sc-AxhCb igcnPS"
          data-hour-value={7}
        >
          7
        </div>
        <div
          className="sc-AxhCb fYueDw"
          data-hour-value={8}
        >
          8
        </div>
        <div
          className="sc-AxhCb iBLsNU"
          data-hour-value={9}
        >
          9
        </div>
        <div
          className="sc-AxhCb gIRZak"
          data-hour-value={10}
        >
          10
        </div>
        <div
          className="sc-AxhCb kjXRNE"
          data-hour-value={11}
        >
          11
        </div>
        <div
          className="sc-AxhCb ekcVhE"
          data-hour-value={12}
        >
          12
        </div>
        <div
          className="sc-AxgMl fgPYHp"
        />
        <div
          className="sc-AxheI fubrDy"
        >
          <div
            className="sinoui-clock__pointer"
          />
        </div>
      </div>
    </div>
    <div
      className="sinoui-time-picker-mobile-view__footer"
    >
      <button
        className="sc-fzpans kpVCAw sinoui-base-button sc-fzplWN dgekpj sinoui-icon-button sinoui-icon-button--dense"
        color="primary"
        data-view-icon={true}
        onClick={[Function]}
        role="button"
        type="button"
      >
        <svg
          aria-hidden="true"
          className="sc-fznyAO epGQhi sinoui-svg-icon"
          data-testid="KeyboardIcon"
          focusable="false"
          role="presentation"
          size={24}
          viewBox="0 0 24 24"
        >
          <path
            d="M20 5H4c-1.1 0-1.99.9-1.99 2L2 17c0 1.1.9 2 2 2h16c1.1 0 2-.9 2-2V7c0-1.1-.9-2-2-2zm-9 3h2v2h-2V8zm0 3h2v2h-2v-2zM8 8h2v2H8V8zm0 3h2v2H8v-2zm-1 2H5v-2h2v2zm0-3H5V8h2v2zm9 7H8v-2h8v2zm0-4h-2v-2h2v2zm0-3h-2V8h2v2zm3 3h-2v-2h2v2zm0-3h-2V8h2v2z"
          />
        </svg>
      </button>
      <div
        className="sc-fznZeY fezGAH"
      >
        <button
          className="sc-fzpans kpVCAw sinoui-base-button sc-fznKkj gpIgBD sinoui-button"
          color="primary"
          onClick={[Function]}
          role="button"
          type="button"
        >
          清除
        </button>
        <button
          className="sc-fzpans kpVCAw sinoui-base-button sc-fznKkj gpIgBD sinoui-button"
          color="primary"
          role="button"
          type="button"
        >
          取消
        </button>
        <button
          className="sc-fzpans kpVCAw sinoui-base-button sc-fznKkj gpIgBD sinoui-button"
          color="primary"
          onClick={[Function]}
          role="button"
          type="button"
        >
          设置
        </button>
      </div>
    </div>
  </div>
</div>
`;
