// Jest Snapshot v1, https://goo.gl/fbAQLP

exports[`快照测试 1`] = `
.c8 {
  margin: 0;
  padding: 0;
  font-weight: 400;
  font-size: 0.75rem;
  line-height: 1.66;
  -webkit-letter-spacing: 0.03333em;
  -moz-letter-spacing: 0.03333em;
  -ms-letter-spacing: 0.03333em;
  letter-spacing: 0.03333em;
  text-align: left;
  color: rgba(0,0,0,0.87);
}

.c9 {
  margin: 0;
  padding: 0;
  font-weight: 400;
  font-size: 1.5rem;
  line-height: 1.334;
  -webkit-letter-spacing: 0em;
  -moz-letter-spacing: 0em;
  -ms-letter-spacing: 0em;
  letter-spacing: 0em;
  text-align: left;
  color: rgba(0,0,0,0.87);
}

.c13 {
  margin: 0;
  padding: 0;
  font-weight: 400;
  font-size: 0.875rem;
  line-height: 1.43;
  -webkit-letter-spacing: 0.01071em;
  -moz-letter-spacing: 0.01071em;
  -ms-letter-spacing: 0.01071em;
  letter-spacing: 0.01071em;
  text-align: left;
  color: rgba(0,0,0,0.87);
}

.c14 {
  width: 40px;
  height: 40px;
  display: -webkit-inline-box;
  display: -webkit-inline-flex;
  display: -ms-inline-flexbox;
  display: inline-flex;
  -webkit-box-pack: center;
  -webkit-justify-content: center;
  -ms-flex-pack: center;
  justify-content: center;
  -webkit-align-items: center;
  -webkit-box-align: center;
  -ms-flex-align: center;
  align-items: center;
  color: rgba(0,0,0,0.6);
  line-height: 18px;
  -ms-grid-column: 1;
  -ms-grid-row: 1;
}

.c15 {
  width: 40px;
  height: 40px;
  display: -webkit-inline-box;
  display: -webkit-inline-flex;
  display: -ms-inline-flexbox;
  display: inline-flex;
  -webkit-box-pack: center;
  -webkit-justify-content: center;
  -ms-flex-pack: center;
  justify-content: center;
  -webkit-align-items: center;
  -webkit-box-align: center;
  -ms-flex-align: center;
  align-items: center;
  color: rgba(0,0,0,0.6);
  line-height: 18px;
  -ms-grid-column: 2;
  -ms-grid-row: 1;
}

.c16 {
  width: 40px;
  height: 40px;
  display: -webkit-inline-box;
  display: -webkit-inline-flex;
  display: -ms-inline-flexbox;
  display: inline-flex;
  -webkit-box-pack: center;
  -webkit-justify-content: center;
  -ms-flex-pack: center;
  justify-content: center;
  -webkit-align-items: center;
  -webkit-box-align: center;
  -ms-flex-align: center;
  align-items: center;
  color: rgba(0,0,0,0.6);
  line-height: 18px;
  -ms-grid-column: 3;
  -ms-grid-row: 1;
}

.c17 {
  width: 40px;
  height: 40px;
  display: -webkit-inline-box;
  display: -webkit-inline-flex;
  display: -ms-inline-flexbox;
  display: inline-flex;
  -webkit-box-pack: center;
  -webkit-justify-content: center;
  -ms-flex-pack: center;
  justify-content: center;
  -webkit-align-items: center;
  -webkit-box-align: center;
  -ms-flex-align: center;
  align-items: center;
  color: rgba(0,0,0,0.6);
  line-height: 18px;
  -ms-grid-column: 4;
  -ms-grid-row: 1;
}

.c18 {
  width: 40px;
  height: 40px;
  display: -webkit-inline-box;
  display: -webkit-inline-flex;
  display: -ms-inline-flexbox;
  display: inline-flex;
  -webkit-box-pack: center;
  -webkit-justify-content: center;
  -ms-flex-pack: center;
  justify-content: center;
  -webkit-align-items: center;
  -webkit-box-align: center;
  -ms-flex-align: center;
  align-items: center;
  color: rgba(0,0,0,0.6);
  line-height: 18px;
  -ms-grid-column: 5;
  -ms-grid-row: 1;
}

.c19 {
  width: 40px;
  height: 40px;
  display: -webkit-inline-box;
  display: -webkit-inline-flex;
  display: -ms-inline-flexbox;
  display: inline-flex;
  -webkit-box-pack: center;
  -webkit-justify-content: center;
  -ms-flex-pack: center;
  justify-content: center;
  -webkit-align-items: center;
  -webkit-box-align: center;
  -ms-flex-align: center;
  align-items: center;
  color: rgba(0,0,0,0.6);
  line-height: 18px;
  -ms-grid-column: 6;
  -ms-grid-row: 1;
}

.c20 {
  width: 40px;
  height: 40px;
  display: -webkit-inline-box;
  display: -webkit-inline-flex;
  display: -ms-inline-flexbox;
  display: inline-flex;
  -webkit-box-pack: center;
  -webkit-justify-content: center;
  -ms-flex-pack: center;
  justify-content: center;
  -webkit-align-items: center;
  -webkit-box-align: center;
  -ms-flex-align: center;
  align-items: center;
  color: rgba(0,0,0,0.6);
  line-height: 18px;
  -ms-grid-column: 7;
  -ms-grid-row: 1;
}

.c12 {
  -ms-grid-column-span: 4px;
  grid-column-gap: 4px;
  display: -ms-grid;
  display: grid;
  -ms-grid-columns: 1fr 1fr 1fr 1fr 1fr 1fr 1fr;
  -ms-grid-row: auto;
  grid-template-columns: repeat(7,1fr);
}

.c0 {
  box-sizing: border-box;
  border-radius: 4px;
  background-color: #fff;
  box-shadow: 0px 2px 1px -1px rgba(0,0,0,0.2),0px 1px 1px 0px rgba(0,0,0,0.14),0px 1px 3px 0px rgba(0,0,0,0.12);
  -webkit-transition: box-shadow 200ms cubic-bezier(0.4,0.0,0.2,1) 0ms;
  transition: box-shadow 200ms cubic-bezier(0.4,0.0,0.2,1) 0ms;
}

.c1 {
  width: 100%;
  height: 100%;
}

.c1 .sinoui-week-title-bar {
  padding: 0 12px;
  grid-column-gap: 0;
}

.c1 .sinoui-week-title-bar p {
  height: 48px;
  width: 100%;
}

.c1 .sinoui-dates-view {
  padding: 0 12px;
}

.c1 .sinoui-date-cell {
  text-align: center;
}

.c1 .sinoui-date-cell-content {
  width: 40px;
  height: 40px;
  margin: 4px;
}

.c1 .sinoui-dates-view {
  grid-column-gap: 0;
}

.c1.c1 .sinoui-date-cell-ripple-layout,
.c1.c1 .sinoui-date-cell-ripple {
  height: 40px;
  width: 40px;
}

.c4 {
  display: -webkit-inline-box;
  display: -webkit-inline-flex;
  display: -ms-inline-flexbox;
  display: inline-flex;
  -webkit-align-items: center;
  -webkit-box-align: center;
  -ms-flex-align: center;
  align-items: center;
  -webkit-box-pack: center;
  -webkit-justify-content: center;
  -ms-flex-pack: center;
  justify-content: center;
  position: relative;
  -webkit-tap-highlight-color: transparent;
  background-color: transparent;
  outline: 0;
  border: 0px;
  padding: 0px;
  margin: 0;
  border-radius: 0;
  vertical-align: middle;
  -webkit-appearance: none;
  -moz-appearance: none;
  appearance: none;
  -moz-appearance: none;
  -webkit-appearance: none;
  color: inherit;
  -webkit-text-decoration: none;
  text-decoration: none;
  pointer-events: default;
  cursor: pointer;
  -webkit-user-select: none;
  -moz-user-select: none;
  -ms-user-select: none;
  user-select: none;
}

.c4::-moz-focus-inner {
  border-style: none;
}

.c4:hover {
  background-color: rgba(0,0,0,0.04);
}

.c5 {
  width: 32px;
  height: 32px;
  border-radius: 50%;
  box-sizing: border-box;
  color: rgba(0,0,0,0.6);
}

.c5:hover {
  background-color: rgba(0,0,0,0.04);
}

.c5 > .sinoui-svg-icon {
  font-size: 20px;
}

.c5 > .sinoui-icon-button__ripple-layout {
  left: 0px;
  top: 0px;
  width: 48px;
  height: 48px;
}

.c5 > .sinoui-icon-button__ripple-layout > .sinoui-icon-button__ripple {
  width: 48px;
  height: 48px;
}

.c5 > .sinoui-icon-button--dense__ripple-layout {
  left: 0px;
  top: 0px;
  width: 32px;
  height: 32px;
}

.c5 > .sinoui-icon-button--dense__ripple-layout > .sinoui-icon-button--dense__ripple {
  width: 32px;
  height: 32px;
}

.c6 {
  font-size: 24px;
  width: 1em;
  height: 1em;
  fill: currentColor;
  -webkit-flex-shrink: 0;
  -ms-flex-negative: 0;
  flex-shrink: 0;
  -webkit-transition: color 200ms cubic-bezier(0.4,0.0,0.2,1) 0ms;
  transition: color 200ms cubic-bezier(0.4,0.0,0.2,1) 0ms;
  -webkit-user-select: none;
  -moz-user-select: none;
  -ms-user-select: none;
  user-select: none;
  display: inline-block;
}

.c7 {
  font-weight: 500;
  font-size: 0.875rem;
  line-height: 1.75;
  -webkit-letter-spacing: 0.02857em;
  -moz-letter-spacing: 0.02857em;
  -ms-letter-spacing: 0.02857em;
  letter-spacing: 0.02857em;
  text-transform: uppercase;
  min-width: 64px;
  height: 36px;
  color: #3f51b5;
  -webkit-user-select: none;
  -moz-user-select: none;
  -ms-user-select: none;
  user-select: none;
  -webkit-transition: color 150ms cubic-bezier(0.4,0.0,0.2,1) 0ms,background-color 150ms cubic-bezier(0.4,0.0,0.2,1) 0ms;
  transition: color 150ms cubic-bezier(0.4,0.0,0.2,1) 0ms,background-color 150ms cubic-bezier(0.4,0.0,0.2,1) 0ms;
  padding: 0px 8px;
  box-sizing: border-box;
}

.c7:hover {
  background-color: rgba(63,81,181,0.04);
}

.c7 > .sinoui-svg-icon {
  font-size: 18px;
  height: 18px;
  width: 18px;
  margin-right: 8px;
}

.c2 {
  height: 128px;
  padding: 8px 16px 24px 12px;
  display: -webkit-box;
  display: -webkit-flex;
  display: -ms-flexbox;
  display: flex;
  -webkit-flex-direction: column;
  -ms-flex-direction: column;
  flex-direction: column;
  -webkit-box-pack: justify;
  -webkit-justify-content: space-between;
  -ms-flex-pack: justify;
  justify-content: space-between;
  background-color: #3f51b5;
  color: #fff;
  box-sizing: border-box;
}

.c2 > * {
  color: currentColor;
}

.c2 .sinoui-icon-button,
.c2 .sinoui-button {
  color: #fff;
}

.c2 .sinoui-typography--caption,
.c2 .sinoui-typography--h5 {
  padding-left: 48px;
}

.c3 {
  display: -webkit-box;
  display: -webkit-flex;
  display: -ms-flexbox;
  display: flex;
  -webkit-box-pack: justify;
  -webkit-justify-content: space-between;
  -ms-flex-pack: justify;
  justify-content: space-between;
  -webkit-align-items: center;
  -webkit-box-align: center;
  -ms-flex-align: center;
  align-items: center;
}

.c10 {
  opacity: 1;
  cursor: pointer;
}

.c11 {
  opacity: 0.7;
  cursor: pointer;
}

.c21 {
  box-sizing: border-box;
  overflow: auto;
  width: 100%;
}

.c23 {
  -ms-grid-column-span: 4px;
  grid-column-gap: 4px;
  display: -ms-grid;
  display: grid;
  -ms-grid-columns: 1fr 1fr 1fr 1fr 1fr 1fr 1fr;
  -ms-grid-rows: auto auto auto auto auto auto;
  grid-template-columns: repeat(7,1fr);
  grid-template-rows: repeat(6,auto);
}

.c23 .sinoui-date-cell-content {
  height: 36px;
  width: 36px;
}

.c23 .sinoui-date-cell-content .sinoui-date-cell-ripple-layout,
.c23 .sinoui-date-cell-content .sinoui-date-cell-ripple {
  height: 36px;
  width: 36px;
}

.c23 .sinoui-date-cell {
  font-weight: 400;
  font-size: 0.875rem;
  line-height: 1.43;
  -webkit-letter-spacing: 0.01071em;
  -moz-letter-spacing: 0.01071em;
  -ms-letter-spacing: 0.01071em;
  letter-spacing: 0.01071em;
  color: rgba(0,0,0,0.87);
}

.c23 .sinoui-date-cell-content {
  box-sizing: border-box;
  display: -webkit-inline-box;
  display: -webkit-inline-flex;
  display: -ms-inline-flexbox;
  display: inline-flex;
  -webkit-box-pack: center;
  -webkit-justify-content: center;
  -ms-flex-pack: center;
  justify-content: center;
  -webkit-align-items: center;
  -webkit-box-align: center;
  -ms-flex-align: center;
  align-items: center;
  border-radius: 50%;
  -webkit-user-select: none;
  -moz-user-select: none;
  -ms-user-select: none;
  user-select: none;
  outline: none;
  margin: 2px;
  cursor: pointer;
  -webkit-tap-highlight-color: transparent;
  -webkit-transition: background-color 300ms cubic-bezier(0.4,0.0,0.2,1) 0ms,color 300ms cubic-bezier(0.4,0.0,0.2,1) 0ms,border-color 300ms cubic-bezier(0.4,0.0,0.2,1) 0ms;
  transition: background-color 300ms cubic-bezier(0.4,0.0,0.2,1) 0ms,color 300ms cubic-bezier(0.4,0.0,0.2,1) 0ms,border-color 300ms cubic-bezier(0.4,0.0,0.2,1) 0ms;
}

.c23 .sinoui-date-cell-content:hover {
  background-color: rgba(0,0,0,0.04);
}

.c23 .sinoui-date-cell--outlined .sinoui-date-cell-content {
  border: 1px solid currentColor;
}

.c23 .sinoui-date-cell--disabled .sinoui-date-cell-content {
  cursor: default;
  pointer-events: none;
  color: rgba(0,0,0,0.38);
}

.c23 .sinoui-date-cell--disabled .sinoui-date-cell-content:hover {
  background-color: none;
}

.c23 .sinoui-date-cell--selected .sinoui-date-cell-content {
  background-color: #3f51b5;
  color: #fff;
  border: none;
}

.c23 .sinoui-date-cell--selected .sinoui-date-cell-content:hover {
  background-color: #3f51b5;
}

.c24 {
  position: absolute;
  box-sizing: border-box;
  background-color: rgba(63,81,181,0.2);
}

.c22 {
  display: -webkit-inline-box;
  display: -webkit-inline-flex;
  display: -ms-inline-flexbox;
  display: inline-flex;
  -webkit-align-items: center;
  -webkit-box-align: center;
  -ms-flex-align: center;
  align-items: center;
  height: 48px;
  padding-left: 12px;
}

@media (hover:none) {
  .c4:hover {
    background-color: transparent;
  }
}

@media (hover:none) {
  .c5:hover {
    background-color: transparent;
  }
}

@media (hover:none) {
  .c7:hover {
    background-color: transparent;
  }
}

@media (hoer:none) {
  .c23 .sinoui-date-cell-content:hover {
    background-color: none;
  }
}

<div
  className="c0 c1 sinoui-date-range-mobile-view sinoui-paper"
>
  <div
    className="c2 sinoui-date-range-view-toolbar"
  >
    <div
      className="c3"
    >
      <button
        className="c4 sinoui-base-button c5 sinoui-icon-button sinoui-icon-button--dense"
        color="textSecondary"
        role="button"
        type="button"
      >
        <svg
          aria-hidden="true"
          className="c6 sinoui-svg-icon"
          focusable="false"
          role="presentation"
          size={24}
          viewBox="0 0 24 24"
        >
          <path
            d="M19 6.41L17.59 5 12 10.59 6.41 5 5 6.41 10.59 12 5 17.59 6.41 19 12 13.41 17.59 19 19 17.59 13.41 12z"
          />
        </svg>
      </button>
      <div
        className="c3"
      >
        <button
          className="c4 sinoui-base-button c7 sinoui-button"
          color="primary"
          onClick={[Function]}
          role="button"
          type="button"
        >
          清除
        </button>
        <button
          className="c4 sinoui-base-button c7 sinoui-button"
          color="primary"
          onClick={[Function]}
          role="button"
          type="button"
        >
          保存
        </button>
      </div>
    </div>
    <p
      className="c8 sinoui-typography sinoui-typography--caption"
      color="textPrimary"
      type="caption"
    >
      设置日期
    </p>
    <h5
      className="c9 sinoui-typography sinoui-typography--h5 sinoui-date-range-view-toolbar__selected-date"
      color="textPrimary"
      type="h5"
    >
      <span
        className="c10"
        onClick={[Function]}
      >
        6月10日
      </span>
      -
      <span
        className="c11"
        onClick={[Function]}
      >
        
        6月18日
      </span>
    </h5>
  </div>
  <div
    className="c12 sinoui-week-title-bar"
  >
    <p
      className="c13 sinoui-typography sinoui-typography--body2 c14"
      color="textPrimary"
      type="body2"
    >
      一
    </p>
    <p
      className="c13 sinoui-typography sinoui-typography--body2 c15"
      color="textPrimary"
      type="body2"
    >
      二
    </p>
    <p
      className="c13 sinoui-typography sinoui-typography--body2 c16"
      color="textPrimary"
      type="body2"
    >
      三
    </p>
    <p
      className="c13 sinoui-typography sinoui-typography--body2 c17"
      color="textPrimary"
      type="body2"
    >
      四
    </p>
    <p
      className="c13 sinoui-typography sinoui-typography--body2 c18"
      color="textPrimary"
      type="body2"
    >
      五
    </p>
    <p
      className="c13 sinoui-typography sinoui-typography--body2 c19"
      color="textPrimary"
      type="body2"
    >
      六
    </p>
    <p
      className="c13 sinoui-typography sinoui-typography--body2 c20"
      color="textPrimary"
      type="body2"
    >
      日
    </p>
  </div>
  <div
    className="c21 sinoui-date-range-mobile-view-content"
  >
    <div
      className="sinoui-date-range-mobile-view__dates-list"
      onScroll={[Function]}
      style={
        Object {
          "WebkitOverflowScrolling": "touch",
          "direction": "ltr",
          "height": 592,
          "overflow": "auto",
          "position": "relative",
          "width": "100%",
          "willChange": "transform",
        }
      }
    >
      <div
        style={
          Object {
            "height": 806400,
            "pointerEvents": undefined,
            "width": "100%",
          }
        }
      >
        <div
          style={
            Object {
              "height": 336,
              "left": 0,
              "position": "absolute",
              "top": 400512,
              "width": "100%",
            }
          }
        >
          <div
            className="c22"
          >
            2020
            年
            五月
          </div>
          <div
            className="c23 sinoui-dates-view"
          >
            <div
              className="sinoui-date-cell sinoui-date-cell--empty"
              data-column={1}
              data-row={1}
              style={
                Object {
                  "msGridColumn": "1",
                  "msGridRow": "1",
                }
              }
            />
            <div
              className="sinoui-date-cell sinoui-date-cell--empty"
              data-column={2}
              data-row={1}
              style={
                Object {
                  "msGridColumn": "2",
                  "msGridRow": "1",
                }
              }
            />
            <div
              className="sinoui-date-cell sinoui-date-cell--empty"
              data-column={3}
              data-row={1}
              style={
                Object {
                  "msGridColumn": "3",
                  "msGridRow": "1",
                }
              }
            />
            <div
              className="sinoui-date-cell sinoui-date-cell--empty"
              data-column={4}
              data-row={1}
              style={
                Object {
                  "msGridColumn": "4",
                  "msGridRow": "1",
                }
              }
            />
            <div
              className="sinoui-date-cell"
              data-column={5}
              data-date="2020-05-01"
              data-row={1}
              style={
                Object {
                  "msGridColumn": "5",
                  "msGridRow": "1",
                }
              }
            >
              <span
                className="sinoui-date-cell-content"
                onClick={[Function]}
                role="button"
                tabIndex={0}
              >
                1
              </span>
            </div>
            <div
              className="sinoui-date-cell"
              data-column={6}
              data-date="2020-05-02"
              data-row={1}
              style={
                Object {
                  "msGridColumn": "6",
                  "msGridRow": "1",
                }
              }
            >
              <span
                className="sinoui-date-cell-content"
                onClick={[Function]}
                role="button"
                tabIndex={0}
              >
                2
              </span>
            </div>
            <div
              className="sinoui-date-cell"
              data-column={7}
              data-date="2020-05-03"
              data-row={1}
              style={
                Object {
                  "msGridColumn": "7",
                  "msGridRow": "1",
                }
              }
            >
              <span
                className="sinoui-date-cell-content"
                onClick={[Function]}
                role="button"
                tabIndex={0}
              >
                3
              </span>
            </div>
            <div
              className="sinoui-date-cell"
              data-column={1}
              data-date="2020-05-04"
              data-row={2}
              style={
                Object {
                  "msGridColumn": "1",
                  "msGridRow": "2",
                }
              }
            >
              <span
                className="sinoui-date-cell-content"
                onClick={[Function]}
                role="button"
                tabIndex={0}
              >
                4
              </span>
            </div>
            <div
              className="sinoui-date-cell"
              data-column={2}
              data-date="2020-05-05"
              data-row={2}
              style={
                Object {
                  "msGridColumn": "2",
                  "msGridRow": "2",
                }
              }
            >
              <span
                className="sinoui-date-cell-content"
                onClick={[Function]}
                role="button"
                tabIndex={0}
              >
                5
              </span>
            </div>
            <div
              className="sinoui-date-cell"
              data-column={3}
              data-date="2020-05-06"
              data-row={2}
              style={
                Object {
                  "msGridColumn": "3",
                  "msGridRow": "2",
                }
              }
            >
              <span
                className="sinoui-date-cell-content"
                onClick={[Function]}
                role="button"
                tabIndex={0}
              >
                6
              </span>
            </div>
            <div
              className="sinoui-date-cell"
              data-column={4}
              data-date="2020-05-07"
              data-row={2}
              style={
                Object {
                  "msGridColumn": "4",
                  "msGridRow": "2",
                }
              }
            >
              <span
                className="sinoui-date-cell-content"
                onClick={[Function]}
                role="button"
                tabIndex={0}
              >
                7
              </span>
            </div>
            <div
              className="sinoui-date-cell"
              data-column={5}
              data-date="2020-05-08"
              data-row={2}
              style={
                Object {
                  "msGridColumn": "5",
                  "msGridRow": "2",
                }
              }
            >
              <span
                className="sinoui-date-cell-content"
                onClick={[Function]}
                role="button"
                tabIndex={0}
              >
                8
              </span>
            </div>
            <div
              className="sinoui-date-cell"
              data-column={6}
              data-date="2020-05-09"
              data-row={2}
              style={
                Object {
                  "msGridColumn": "6",
                  "msGridRow": "2",
                }
              }
            >
              <span
                className="sinoui-date-cell-content"
                onClick={[Function]}
                role="button"
                tabIndex={0}
              >
                9
              </span>
            </div>
            <div
              className="sinoui-date-cell"
              data-column={7}
              data-date="2020-05-10"
              data-row={2}
              style={
                Object {
                  "msGridColumn": "7",
                  "msGridRow": "2",
                }
              }
            >
              <span
                className="sinoui-date-cell-content"
                onClick={[Function]}
                role="button"
                tabIndex={0}
              >
                10
              </span>
            </div>
            <div
              className="sinoui-date-cell"
              data-column={1}
              data-date="2020-05-11"
              data-row={3}
              style={
                Object {
                  "msGridColumn": "1",
                  "msGridRow": "3",
                }
              }
            >
              <span
                className="sinoui-date-cell-content"
                onClick={[Function]}
                role="button"
                tabIndex={0}
              >
                11
              </span>
            </div>
            <div
              className="sinoui-date-cell"
              data-column={2}
              data-date="2020-05-12"
              data-row={3}
              style={
                Object {
                  "msGridColumn": "2",
                  "msGridRow": "3",
                }
              }
            >
              <span
                className="sinoui-date-cell-content"
                onClick={[Function]}
                role="button"
                tabIndex={0}
              >
                12
              </span>
            </div>
            <div
              className="sinoui-date-cell"
              data-column={3}
              data-date="2020-05-13"
              data-row={3}
              style={
                Object {
                  "msGridColumn": "3",
                  "msGridRow": "3",
                }
              }
            >
              <span
                className="sinoui-date-cell-content"
                onClick={[Function]}
                role="button"
                tabIndex={0}
              >
                13
              </span>
            </div>
            <div
              className="sinoui-date-cell"
              data-column={4}
              data-date="2020-05-14"
              data-row={3}
              style={
                Object {
                  "msGridColumn": "4",
                  "msGridRow": "3",
                }
              }
            >
              <span
                className="sinoui-date-cell-content"
                onClick={[Function]}
                role="button"
                tabIndex={0}
              >
                14
              </span>
            </div>
            <div
              className="sinoui-date-cell"
              data-column={5}
              data-date="2020-05-15"
              data-row={3}
              style={
                Object {
                  "msGridColumn": "5",
                  "msGridRow": "3",
                }
              }
            >
              <span
                className="sinoui-date-cell-content"
                onClick={[Function]}
                role="button"
                tabIndex={0}
              >
                15
              </span>
            </div>
            <div
              className="sinoui-date-cell"
              data-column={6}
              data-date="2020-05-16"
              data-row={3}
              style={
                Object {
                  "msGridColumn": "6",
                  "msGridRow": "3",
                }
              }
            >
              <span
                className="sinoui-date-cell-content"
                onClick={[Function]}
                role="button"
                tabIndex={0}
              >
                16
              </span>
            </div>
            <div
              className="sinoui-date-cell"
              data-column={7}
              data-date="2020-05-17"
              data-row={3}
              style={
                Object {
                  "msGridColumn": "7",
                  "msGridRow": "3",
                }
              }
            >
              <span
                className="sinoui-date-cell-content"
                onClick={[Function]}
                role="button"
                tabIndex={0}
              >
                17
              </span>
            </div>
            <div
              className="sinoui-date-cell"
              data-column={1}
              data-date="2020-05-18"
              data-row={4}
              style={
                Object {
                  "msGridColumn": "1",
                  "msGridRow": "4",
                }
              }
            >
              <span
                className="sinoui-date-cell-content"
                onClick={[Function]}
                role="button"
                tabIndex={0}
              >
                18
              </span>
            </div>
            <div
              className="sinoui-date-cell"
              data-column={2}
              data-date="2020-05-19"
              data-row={4}
              style={
                Object {
                  "msGridColumn": "2",
                  "msGridRow": "4",
                }
              }
            >
              <span
                className="sinoui-date-cell-content"
                onClick={[Function]}
                role="button"
                tabIndex={0}
              >
                19
              </span>
            </div>
            <div
              className="sinoui-date-cell"
              data-column={3}
              data-date="2020-05-20"
              data-row={4}
              style={
                Object {
                  "msGridColumn": "3",
                  "msGridRow": "4",
                }
              }
            >
              <span
                className="sinoui-date-cell-content"
                onClick={[Function]}
                role="button"
                tabIndex={0}
              >
                20
              </span>
            </div>
            <div
              className="sinoui-date-cell"
              data-column={4}
              data-date="2020-05-21"
              data-row={4}
              style={
                Object {
                  "msGridColumn": "4",
                  "msGridRow": "4",
                }
              }
            >
              <span
                className="sinoui-date-cell-content"
                onClick={[Function]}
                role="button"
                tabIndex={0}
              >
                21
              </span>
            </div>
            <div
              className="sinoui-date-cell"
              data-column={5}
              data-date="2020-05-22"
              data-row={4}
              style={
                Object {
                  "msGridColumn": "5",
                  "msGridRow": "4",
                }
              }
            >
              <span
                className="sinoui-date-cell-content"
                onClick={[Function]}
                role="button"
                tabIndex={0}
              >
                22
              </span>
            </div>
            <div
              className="sinoui-date-cell"
              data-column={6}
              data-date="2020-05-23"
              data-row={4}
              style={
                Object {
                  "msGridColumn": "6",
                  "msGridRow": "4",
                }
              }
            >
              <span
                className="sinoui-date-cell-content"
                onClick={[Function]}
                role="button"
                tabIndex={0}
              >
                23
              </span>
            </div>
            <div
              className="sinoui-date-cell"
              data-column={7}
              data-date="2020-05-24"
              data-row={4}
              style={
                Object {
                  "msGridColumn": "7",
                  "msGridRow": "4",
                }
              }
            >
              <span
                className="sinoui-date-cell-content"
                onClick={[Function]}
                role="button"
                tabIndex={0}
              >
                24
              </span>
            </div>
            <div
              className="sinoui-date-cell"
              data-column={1}
              data-date="2020-05-25"
              data-row={5}
              style={
                Object {
                  "msGridColumn": "1",
                  "msGridRow": "5",
                }
              }
            >
              <span
                className="sinoui-date-cell-content"
                onClick={[Function]}
                role="button"
                tabIndex={0}
              >
                25
              </span>
            </div>
            <div
              className="sinoui-date-cell"
              data-column={2}
              data-date="2020-05-26"
              data-row={5}
              style={
                Object {
                  "msGridColumn": "2",
                  "msGridRow": "5",
                }
              }
            >
              <span
                className="sinoui-date-cell-content"
                onClick={[Function]}
                role="button"
                tabIndex={0}
              >
                26
              </span>
            </div>
            <div
              className="sinoui-date-cell"
              data-column={3}
              data-date="2020-05-27"
              data-row={5}
              style={
                Object {
                  "msGridColumn": "3",
                  "msGridRow": "5",
                }
              }
            >
              <span
                className="sinoui-date-cell-content"
                onClick={[Function]}
                role="button"
                tabIndex={0}
              >
                27
              </span>
            </div>
            <div
              className="sinoui-date-cell"
              data-column={4}
              data-date="2020-05-28"
              data-row={5}
              style={
                Object {
                  "msGridColumn": "4",
                  "msGridRow": "5",
                }
              }
            >
              <span
                className="sinoui-date-cell-content"
                onClick={[Function]}
                role="button"
                tabIndex={0}
              >
                28
              </span>
            </div>
            <div
              className="sinoui-date-cell"
              data-column={5}
              data-date="2020-05-29"
              data-row={5}
              style={
                Object {
                  "msGridColumn": "5",
                  "msGridRow": "5",
                }
              }
            >
              <span
                className="sinoui-date-cell-content"
                onClick={[Function]}
                role="button"
                tabIndex={0}
              >
                29
              </span>
            </div>
            <div
              className="sinoui-date-cell"
              data-column={6}
              data-date="2020-05-30"
              data-row={5}
              style={
                Object {
                  "msGridColumn": "6",
                  "msGridRow": "5",
                }
              }
            >
              <span
                className="sinoui-date-cell-content"
                onClick={[Function]}
                role="button"
                tabIndex={0}
              >
                30
              </span>
            </div>
            <div
              className="sinoui-date-cell"
              data-column={7}
              data-date="2020-05-31"
              data-row={5}
              style={
                Object {
                  "msGridColumn": "7",
                  "msGridRow": "5",
                }
              }
            >
              <span
                className="sinoui-date-cell-content"
                onClick={[Function]}
                role="button"
                tabIndex={0}
              >
                31
              </span>
            </div>
          </div>
        </div>
        <div
          style={
            Object {
              "height": 336,
              "left": 0,
              "position": "absolute",
              "top": 400848,
              "width": "100%",
            }
          }
        >
          <div
            className="c24 sinoui-date-range-picker__week-status-bar sinoui-date-range-picker__week-status-bar--raised"
            data-end-date="2020-06-14"
            data-start-date="2020-06-10"
            data-week-no={1}
            style={
              Object {
                "borderBottomLeftRadius": 20,
                "borderBottomRightRadius": 0,
                "borderTopLeftRadius": 20,
                "borderTopRightRadius": 0,
                "height": 40,
                "left": "calc(12px + (100% - 24px) / 7 * 2 + (100% - 24px) / 7 / 2 - 20px)",
                "top": 100,
                "width": "calc((100% - 24px) / 7 * 3 + (100% - 24px) / 7 / 2 + 20px + (100% - 24px) / 7 + 12px)",
              }
            }
          />
          <div
            className="c24 sinoui-date-range-picker__week-status-bar sinoui-date-range-picker__week-status-bar--raised"
            data-end-date="2020-06-18"
            data-start-date="2020-06-15"
            data-week-no={2}
            style={
              Object {
                "borderBottomLeftRadius": 0,
                "borderBottomRightRadius": 20,
                "borderTopLeftRadius": 0,
                "borderTopRightRadius": 20,
                "height": 40,
                "left": "calc((100% - 24px) / 7 * 0)",
                "top": 148,
                "width": "calc((100% - 24px) / 7 * 2 + (100% - 24px) / 7 + (100% - 24px) / 7 / 2 + 20px + 12px)",
              }
            }
          />
          <div
            className="c22"
          >
            2020
            年
            六月
          </div>
          <div
            className="c23 sinoui-dates-view"
          >
            <div
              className="sinoui-date-cell"
              data-column={1}
              data-date="2020-06-01"
              data-row={1}
              style={
                Object {
                  "msGridColumn": "1",
                  "msGridRow": "1",
                }
              }
            >
              <span
                className="sinoui-date-cell-content"
                onClick={[Function]}
                role="button"
                tabIndex={0}
              >
                1
              </span>
            </div>
            <div
              className="sinoui-date-cell"
              data-column={2}
              data-date="2020-06-02"
              data-row={1}
              style={
                Object {
                  "msGridColumn": "2",
                  "msGridRow": "1",
                }
              }
            >
              <span
                className="sinoui-date-cell-content"
                onClick={[Function]}
                role="button"
                tabIndex={0}
              >
                2
              </span>
            </div>
            <div
              className="sinoui-date-cell"
              data-column={3}
              data-date="2020-06-03"
              data-row={1}
              style={
                Object {
                  "msGridColumn": "3",
                  "msGridRow": "1",
                }
              }
            >
              <span
                className="sinoui-date-cell-content"
                onClick={[Function]}
                role="button"
                tabIndex={0}
              >
                3
              </span>
            </div>
            <div
              className="sinoui-date-cell"
              data-column={4}
              data-date="2020-06-04"
              data-row={1}
              style={
                Object {
                  "msGridColumn": "4",
                  "msGridRow": "1",
                }
              }
            >
              <span
                className="sinoui-date-cell-content"
                onClick={[Function]}
                role="button"
                tabIndex={0}
              >
                4
              </span>
            </div>
            <div
              className="sinoui-date-cell"
              data-column={5}
              data-date="2020-06-05"
              data-row={1}
              style={
                Object {
                  "msGridColumn": "5",
                  "msGridRow": "1",
                }
              }
            >
              <span
                className="sinoui-date-cell-content"
                onClick={[Function]}
                role="button"
                tabIndex={0}
              >
                5
              </span>
            </div>
            <div
              className="sinoui-date-cell"
              data-column={6}
              data-date="2020-06-06"
              data-row={1}
              style={
                Object {
                  "msGridColumn": "6",
                  "msGridRow": "1",
                }
              }
            >
              <span
                className="sinoui-date-cell-content"
                onClick={[Function]}
                role="button"
                tabIndex={0}
              >
                6
              </span>
            </div>
            <div
              className="sinoui-date-cell"
              data-column={7}
              data-date="2020-06-07"
              data-row={1}
              style={
                Object {
                  "msGridColumn": "7",
                  "msGridRow": "1",
                }
              }
            >
              <span
                className="sinoui-date-cell-content"
                onClick={[Function]}
                role="button"
                tabIndex={0}
              >
                7
              </span>
            </div>
            <div
              className="sinoui-date-cell"
              data-column={1}
              data-date="2020-06-08"
              data-row={2}
              style={
                Object {
                  "msGridColumn": "1",
                  "msGridRow": "2",
                }
              }
            >
              <span
                className="sinoui-date-cell-content"
                onClick={[Function]}
                role="button"
                tabIndex={0}
              >
                8
              </span>
            </div>
            <div
              className="sinoui-date-cell"
              data-column={2}
              data-date="2020-06-09"
              data-row={2}
              style={
                Object {
                  "msGridColumn": "2",
                  "msGridRow": "2",
                }
              }
            >
              <span
                className="sinoui-date-cell-content"
                onClick={[Function]}
                role="button"
                tabIndex={0}
              >
                9
              </span>
            </div>
            <div
              className="sinoui-date-cell sinoui-date-cell--selected"
              data-column={3}
              data-date="2020-06-10"
              data-row={2}
              style={
                Object {
                  "msGridColumn": "3",
                  "msGridRow": "2",
                }
              }
            >
              <span
                className="sinoui-date-cell-content"
                onClick={[Function]}
                role="button"
                tabIndex={0}
              >
                10
              </span>
            </div>
            <div
              className="sinoui-date-cell"
              data-column={4}
              data-date="2020-06-11"
              data-row={2}
              style={
                Object {
                  "msGridColumn": "4",
                  "msGridRow": "2",
                }
              }
            >
              <span
                className="sinoui-date-cell-content"
                onClick={[Function]}
                role="button"
                tabIndex={0}
              >
                11
              </span>
            </div>
            <div
              className="sinoui-date-cell"
              data-column={5}
              data-date="2020-06-12"
              data-row={2}
              style={
                Object {
                  "msGridColumn": "5",
                  "msGridRow": "2",
                }
              }
            >
              <span
                className="sinoui-date-cell-content"
                onClick={[Function]}
                role="button"
                tabIndex={0}
              >
                12
              </span>
            </div>
            <div
              className="sinoui-date-cell"
              data-column={6}
              data-date="2020-06-13"
              data-row={2}
              style={
                Object {
                  "msGridColumn": "6",
                  "msGridRow": "2",
                }
              }
            >
              <span
                className="sinoui-date-cell-content"
                onClick={[Function]}
                role="button"
                tabIndex={0}
              >
                13
              </span>
            </div>
            <div
              className="sinoui-date-cell"
              data-column={7}
              data-date="2020-06-14"
              data-row={2}
              style={
                Object {
                  "msGridColumn": "7",
                  "msGridRow": "2",
                }
              }
            >
              <span
                className="sinoui-date-cell-content"
                onClick={[Function]}
                role="button"
                tabIndex={0}
              >
                14
              </span>
            </div>
            <div
              className="sinoui-date-cell"
              data-column={1}
              data-date="2020-06-15"
              data-row={3}
              style={
                Object {
                  "msGridColumn": "1",
                  "msGridRow": "3",
                }
              }
            >
              <span
                className="sinoui-date-cell-content"
                onClick={[Function]}
                role="button"
                tabIndex={0}
              >
                15
              </span>
            </div>
            <div
              className="sinoui-date-cell"
              data-column={2}
              data-date="2020-06-16"
              data-row={3}
              style={
                Object {
                  "msGridColumn": "2",
                  "msGridRow": "3",
                }
              }
            >
              <span
                className="sinoui-date-cell-content"
                onClick={[Function]}
                role="button"
                tabIndex={0}
              >
                16
              </span>
            </div>
            <div
              className="sinoui-date-cell"
              data-column={3}
              data-date="2020-06-17"
              data-row={3}
              style={
                Object {
                  "msGridColumn": "3",
                  "msGridRow": "3",
                }
              }
            >
              <span
                className="sinoui-date-cell-content"
                onClick={[Function]}
                role="button"
                tabIndex={0}
              >
                17
              </span>
            </div>
            <div
              className="sinoui-date-cell sinoui-date-cell--selected"
              data-column={4}
              data-date="2020-06-18"
              data-row={3}
              style={
                Object {
                  "msGridColumn": "4",
                  "msGridRow": "3",
                }
              }
            >
              <span
                className="sinoui-date-cell-content"
                onClick={[Function]}
                role="button"
                tabIndex={0}
              >
                18
              </span>
            </div>
            <div
              className="sinoui-date-cell"
              data-column={5}
              data-date="2020-06-19"
              data-row={3}
              style={
                Object {
                  "msGridColumn": "5",
                  "msGridRow": "3",
                }
              }
            >
              <span
                className="sinoui-date-cell-content"
                onClick={[Function]}
                role="button"
                tabIndex={0}
              >
                19
              </span>
            </div>
            <div
              className="sinoui-date-cell"
              data-column={6}
              data-date="2020-06-20"
              data-row={3}
              style={
                Object {
                  "msGridColumn": "6",
                  "msGridRow": "3",
                }
              }
            >
              <span
                className="sinoui-date-cell-content"
                onClick={[Function]}
                role="button"
                tabIndex={0}
              >
                20
              </span>
            </div>
            <div
              className="sinoui-date-cell"
              data-column={7}
              data-date="2020-06-21"
              data-row={3}
              style={
                Object {
                  "msGridColumn": "7",
                  "msGridRow": "3",
                }
              }
            >
              <span
                className="sinoui-date-cell-content"
                onClick={[Function]}
                role="button"
                tabIndex={0}
              >
                21
              </span>
            </div>
            <div
              className="sinoui-date-cell"
              data-column={1}
              data-date="2020-06-22"
              data-row={4}
              style={
                Object {
                  "msGridColumn": "1",
                  "msGridRow": "4",
                }
              }
            >
              <span
                className="sinoui-date-cell-content"
                onClick={[Function]}
                role="button"
                tabIndex={0}
              >
                22
              </span>
            </div>
            <div
              className="sinoui-date-cell"
              data-column={2}
              data-date="2020-06-23"
              data-row={4}
              style={
                Object {
                  "msGridColumn": "2",
                  "msGridRow": "4",
                }
              }
            >
              <span
                className="sinoui-date-cell-content"
                onClick={[Function]}
                role="button"
                tabIndex={0}
              >
                23
              </span>
            </div>
            <div
              className="sinoui-date-cell"
              data-column={3}
              data-date="2020-06-24"
              data-row={4}
              style={
                Object {
                  "msGridColumn": "3",
                  "msGridRow": "4",
                }
              }
            >
              <span
                className="sinoui-date-cell-content"
                onClick={[Function]}
                role="button"
                tabIndex={0}
              >
                24
              </span>
            </div>
            <div
              className="sinoui-date-cell"
              data-column={4}
              data-date="2020-06-25"
              data-row={4}
              style={
                Object {
                  "msGridColumn": "4",
                  "msGridRow": "4",
                }
              }
            >
              <span
                className="sinoui-date-cell-content"
                onClick={[Function]}
                role="button"
                tabIndex={0}
              >
                25
              </span>
            </div>
            <div
              className="sinoui-date-cell"
              data-column={5}
              data-date="2020-06-26"
              data-row={4}
              style={
                Object {
                  "msGridColumn": "5",
                  "msGridRow": "4",
                }
              }
            >
              <span
                className="sinoui-date-cell-content"
                onClick={[Function]}
                role="button"
                tabIndex={0}
              >
                26
              </span>
            </div>
            <div
              className="sinoui-date-cell"
              data-column={6}
              data-date="2020-06-27"
              data-row={4}
              style={
                Object {
                  "msGridColumn": "6",
                  "msGridRow": "4",
                }
              }
            >
              <span
                className="sinoui-date-cell-content"
                onClick={[Function]}
                role="button"
                tabIndex={0}
              >
                27
              </span>
            </div>
            <div
              className="sinoui-date-cell"
              data-column={7}
              data-date="2020-06-28"
              data-row={4}
              style={
                Object {
                  "msGridColumn": "7",
                  "msGridRow": "4",
                }
              }
            >
              <span
                className="sinoui-date-cell-content"
                onClick={[Function]}
                role="button"
                tabIndex={0}
              >
                28
              </span>
            </div>
            <div
              className="sinoui-date-cell"
              data-column={1}
              data-date="2020-06-29"
              data-row={5}
              style={
                Object {
                  "msGridColumn": "1",
                  "msGridRow": "5",
                }
              }
            >
              <span
                className="sinoui-date-cell-content"
                onClick={[Function]}
                role="button"
                tabIndex={0}
              >
                29
              </span>
            </div>
            <div
              className="sinoui-date-cell"
              data-column={2}
              data-date="2020-06-30"
              data-row={5}
              style={
                Object {
                  "msGridColumn": "2",
                  "msGridRow": "5",
                }
              }
            >
              <span
                className="sinoui-date-cell-content"
                onClick={[Function]}
                role="button"
                tabIndex={0}
              >
                30
              </span>
            </div>
          </div>
        </div>
        <div
          style={
            Object {
              "height": 336,
              "left": 0,
              "position": "absolute",
              "top": 401184,
              "width": "100%",
            }
          }
        >
          <div
            className="c22"
          >
            2020
            年
            七月
          </div>
          <div
            className="c23 sinoui-dates-view"
          >
            <div
              className="sinoui-date-cell sinoui-date-cell--empty"
              data-column={1}
              data-row={1}
              style={
                Object {
                  "msGridColumn": "1",
                  "msGridRow": "1",
                }
              }
            />
            <div
              className="sinoui-date-cell sinoui-date-cell--empty"
              data-column={2}
              data-row={1}
              style={
                Object {
                  "msGridColumn": "2",
                  "msGridRow": "1",
                }
              }
            />
            <div
              className="sinoui-date-cell"
              data-column={3}
              data-date="2020-07-01"
              data-row={1}
              style={
                Object {
                  "msGridColumn": "3",
                  "msGridRow": "1",
                }
              }
            >
              <span
                className="sinoui-date-cell-content"
                onClick={[Function]}
                role="button"
                tabIndex={0}
              >
                1
              </span>
            </div>
            <div
              className="sinoui-date-cell"
              data-column={4}
              data-date="2020-07-02"
              data-row={1}
              style={
                Object {
                  "msGridColumn": "4",
                  "msGridRow": "1",
                }
              }
            >
              <span
                className="sinoui-date-cell-content"
                onClick={[Function]}
                role="button"
                tabIndex={0}
              >
                2
              </span>
            </div>
            <div
              className="sinoui-date-cell"
              data-column={5}
              data-date="2020-07-03"
              data-row={1}
              style={
                Object {
                  "msGridColumn": "5",
                  "msGridRow": "1",
                }
              }
            >
              <span
                className="sinoui-date-cell-content"
                onClick={[Function]}
                role="button"
                tabIndex={0}
              >
                3
              </span>
            </div>
            <div
              className="sinoui-date-cell"
              data-column={6}
              data-date="2020-07-04"
              data-row={1}
              style={
                Object {
                  "msGridColumn": "6",
                  "msGridRow": "1",
                }
              }
            >
              <span
                className="sinoui-date-cell-content"
                onClick={[Function]}
                role="button"
                tabIndex={0}
              >
                4
              </span>
            </div>
            <div
              className="sinoui-date-cell"
              data-column={7}
              data-date="2020-07-05"
              data-row={1}
              style={
                Object {
                  "msGridColumn": "7",
                  "msGridRow": "1",
                }
              }
            >
              <span
                className="sinoui-date-cell-content"
                onClick={[Function]}
                role="button"
                tabIndex={0}
              >
                5
              </span>
            </div>
            <div
              className="sinoui-date-cell"
              data-column={1}
              data-date="2020-07-06"
              data-row={2}
              style={
                Object {
                  "msGridColumn": "1",
                  "msGridRow": "2",
                }
              }
            >
              <span
                className="sinoui-date-cell-content"
                onClick={[Function]}
                role="button"
                tabIndex={0}
              >
                6
              </span>
            </div>
            <div
              className="sinoui-date-cell"
              data-column={2}
              data-date="2020-07-07"
              data-row={2}
              style={
                Object {
                  "msGridColumn": "2",
                  "msGridRow": "2",
                }
              }
            >
              <span
                className="sinoui-date-cell-content"
                onClick={[Function]}
                role="button"
                tabIndex={0}
              >
                7
              </span>
            </div>
            <div
              className="sinoui-date-cell"
              data-column={3}
              data-date="2020-07-08"
              data-row={2}
              style={
                Object {
                  "msGridColumn": "3",
                  "msGridRow": "2",
                }
              }
            >
              <span
                className="sinoui-date-cell-content"
                onClick={[Function]}
                role="button"
                tabIndex={0}
              >
                8
              </span>
            </div>
            <div
              className="sinoui-date-cell"
              data-column={4}
              data-date="2020-07-09"
              data-row={2}
              style={
                Object {
                  "msGridColumn": "4",
                  "msGridRow": "2",
                }
              }
            >
              <span
                className="sinoui-date-cell-content"
                onClick={[Function]}
                role="button"
                tabIndex={0}
              >
                9
              </span>
            </div>
            <div
              className="sinoui-date-cell"
              data-column={5}
              data-date="2020-07-10"
              data-row={2}
              style={
                Object {
                  "msGridColumn": "5",
                  "msGridRow": "2",
                }
              }
            >
              <span
                className="sinoui-date-cell-content"
                onClick={[Function]}
                role="button"
                tabIndex={0}
              >
                10
              </span>
            </div>
            <div
              className="sinoui-date-cell"
              data-column={6}
              data-date="2020-07-11"
              data-row={2}
              style={
                Object {
                  "msGridColumn": "6",
                  "msGridRow": "2",
                }
              }
            >
              <span
                className="sinoui-date-cell-content"
                onClick={[Function]}
                role="button"
                tabIndex={0}
              >
                11
              </span>
            </div>
            <div
              className="sinoui-date-cell"
              data-column={7}
              data-date="2020-07-12"
              data-row={2}
              style={
                Object {
                  "msGridColumn": "7",
                  "msGridRow": "2",
                }
              }
            >
              <span
                className="sinoui-date-cell-content"
                onClick={[Function]}
                role="button"
                tabIndex={0}
              >
                12
              </span>
            </div>
            <div
              className="sinoui-date-cell"
              data-column={1}
              data-date="2020-07-13"
              data-row={3}
              style={
                Object {
                  "msGridColumn": "1",
                  "msGridRow": "3",
                }
              }
            >
              <span
                className="sinoui-date-cell-content"
                onClick={[Function]}
                role="button"
                tabIndex={0}
              >
                13
              </span>
            </div>
            <div
              className="sinoui-date-cell"
              data-column={2}
              data-date="2020-07-14"
              data-row={3}
              style={
                Object {
                  "msGridColumn": "2",
                  "msGridRow": "3",
                }
              }
            >
              <span
                className="sinoui-date-cell-content"
                onClick={[Function]}
                role="button"
                tabIndex={0}
              >
                14
              </span>
            </div>
            <div
              className="sinoui-date-cell"
              data-column={3}
              data-date="2020-07-15"
              data-row={3}
              style={
                Object {
                  "msGridColumn": "3",
                  "msGridRow": "3",
                }
              }
            >
              <span
                className="sinoui-date-cell-content"
                onClick={[Function]}
                role="button"
                tabIndex={0}
              >
                15
              </span>
            </div>
            <div
              className="sinoui-date-cell"
              data-column={4}
              data-date="2020-07-16"
              data-row={3}
              style={
                Object {
                  "msGridColumn": "4",
                  "msGridRow": "3",
                }
              }
            >
              <span
                className="sinoui-date-cell-content"
                onClick={[Function]}
                role="button"
                tabIndex={0}
              >
                16
              </span>
            </div>
            <div
              className="sinoui-date-cell"
              data-column={5}
              data-date="2020-07-17"
              data-row={3}
              style={
                Object {
                  "msGridColumn": "5",
                  "msGridRow": "3",
                }
              }
            >
              <span
                className="sinoui-date-cell-content"
                onClick={[Function]}
                role="button"
                tabIndex={0}
              >
                17
              </span>
            </div>
            <div
              className="sinoui-date-cell"
              data-column={6}
              data-date="2020-07-18"
              data-row={3}
              style={
                Object {
                  "msGridColumn": "6",
                  "msGridRow": "3",
                }
              }
            >
              <span
                className="sinoui-date-cell-content"
                onClick={[Function]}
                role="button"
                tabIndex={0}
              >
                18
              </span>
            </div>
            <div
              className="sinoui-date-cell"
              data-column={7}
              data-date="2020-07-19"
              data-row={3}
              style={
                Object {
                  "msGridColumn": "7",
                  "msGridRow": "3",
                }
              }
            >
              <span
                className="sinoui-date-cell-content"
                onClick={[Function]}
                role="button"
                tabIndex={0}
              >
                19
              </span>
            </div>
            <div
              className="sinoui-date-cell"
              data-column={1}
              data-date="2020-07-20"
              data-row={4}
              style={
                Object {
                  "msGridColumn": "1",
                  "msGridRow": "4",
                }
              }
            >
              <span
                className="sinoui-date-cell-content"
                onClick={[Function]}
                role="button"
                tabIndex={0}
              >
                20
              </span>
            </div>
            <div
              className="sinoui-date-cell"
              data-column={2}
              data-date="2020-07-21"
              data-row={4}
              style={
                Object {
                  "msGridColumn": "2",
                  "msGridRow": "4",
                }
              }
            >
              <span
                className="sinoui-date-cell-content"
                onClick={[Function]}
                role="button"
                tabIndex={0}
              >
                21
              </span>
            </div>
            <div
              className="sinoui-date-cell"
              data-column={3}
              data-date="2020-07-22"
              data-row={4}
              style={
                Object {
                  "msGridColumn": "3",
                  "msGridRow": "4",
                }
              }
            >
              <span
                className="sinoui-date-cell-content"
                onClick={[Function]}
                role="button"
                tabIndex={0}
              >
                22
              </span>
            </div>
            <div
              className="sinoui-date-cell"
              data-column={4}
              data-date="2020-07-23"
              data-row={4}
              style={
                Object {
                  "msGridColumn": "4",
                  "msGridRow": "4",
                }
              }
            >
              <span
                className="sinoui-date-cell-content"
                onClick={[Function]}
                role="button"
                tabIndex={0}
              >
                23
              </span>
            </div>
            <div
              className="sinoui-date-cell"
              data-column={5}
              data-date="2020-07-24"
              data-row={4}
              style={
                Object {
                  "msGridColumn": "5",
                  "msGridRow": "4",
                }
              }
            >
              <span
                className="sinoui-date-cell-content"
                onClick={[Function]}
                role="button"
                tabIndex={0}
              >
                24
              </span>
            </div>
            <div
              className="sinoui-date-cell"
              data-column={6}
              data-date="2020-07-25"
              data-row={4}
              style={
                Object {
                  "msGridColumn": "6",
                  "msGridRow": "4",
                }
              }
            >
              <span
                className="sinoui-date-cell-content"
                onClick={[Function]}
                role="button"
                tabIndex={0}
              >
                25
              </span>
            </div>
            <div
              className="sinoui-date-cell"
              data-column={7}
              data-date="2020-07-26"
              data-row={4}
              style={
                Object {
                  "msGridColumn": "7",
                  "msGridRow": "4",
                }
              }
            >
              <span
                className="sinoui-date-cell-content"
                onClick={[Function]}
                role="button"
                tabIndex={0}
              >
                26
              </span>
            </div>
            <div
              className="sinoui-date-cell"
              data-column={1}
              data-date="2020-07-27"
              data-row={5}
              style={
                Object {
                  "msGridColumn": "1",
                  "msGridRow": "5",
                }
              }
            >
              <span
                className="sinoui-date-cell-content"
                onClick={[Function]}
                role="button"
                tabIndex={0}
              >
                27
              </span>
            </div>
            <div
              className="sinoui-date-cell"
              data-column={2}
              data-date="2020-07-28"
              data-row={5}
              style={
                Object {
                  "msGridColumn": "2",
                  "msGridRow": "5",
                }
              }
            >
              <span
                className="sinoui-date-cell-content"
                onClick={[Function]}
                role="button"
                tabIndex={0}
              >
                28
              </span>
            </div>
            <div
              className="sinoui-date-cell"
              data-column={3}
              data-date="2020-07-29"
              data-row={5}
              style={
                Object {
                  "msGridColumn": "3",
                  "msGridRow": "5",
                }
              }
            >
              <span
                className="sinoui-date-cell-content"
                onClick={[Function]}
                role="button"
                tabIndex={0}
              >
                29
              </span>
            </div>
            <div
              className="sinoui-date-cell"
              data-column={4}
              data-date="2020-07-30"
              data-row={5}
              style={
                Object {
                  "msGridColumn": "4",
                  "msGridRow": "5",
                }
              }
            >
              <span
                className="sinoui-date-cell-content"
                onClick={[Function]}
                role="button"
                tabIndex={0}
              >
                30
              </span>
            </div>
            <div
              className="sinoui-date-cell"
              data-column={5}
              data-date="2020-07-31"
              data-row={5}
              style={
                Object {
                  "msGridColumn": "5",
                  "msGridRow": "5",
                }
              }
            >
              <span
                className="sinoui-date-cell-content"
                onClick={[Function]}
                role="button"
                tabIndex={0}
              >
                31
              </span>
            </div>
          </div>
        </div>
        <div
          style={
            Object {
              "height": 336,
              "left": 0,
              "position": "absolute",
              "top": 401520,
              "width": "100%",
            }
          }
        >
          <div
            className="c22"
          >
            2020
            年
            八月
          </div>
          <div
            className="c23 sinoui-dates-view"
          >
            <div
              className="sinoui-date-cell sinoui-date-cell--empty"
              data-column={1}
              data-row={1}
              style={
                Object {
                  "msGridColumn": "1",
                  "msGridRow": "1",
                }
              }
            />
            <div
              className="sinoui-date-cell sinoui-date-cell--empty"
              data-column={2}
              data-row={1}
              style={
                Object {
                  "msGridColumn": "2",
                  "msGridRow": "1",
                }
              }
            />
            <div
              className="sinoui-date-cell sinoui-date-cell--empty"
              data-column={3}
              data-row={1}
              style={
                Object {
                  "msGridColumn": "3",
                  "msGridRow": "1",
                }
              }
            />
            <div
              className="sinoui-date-cell sinoui-date-cell--empty"
              data-column={4}
              data-row={1}
              style={
                Object {
                  "msGridColumn": "4",
                  "msGridRow": "1",
                }
              }
            />
            <div
              className="sinoui-date-cell sinoui-date-cell--empty"
              data-column={5}
              data-row={1}
              style={
                Object {
                  "msGridColumn": "5",
                  "msGridRow": "1",
                }
              }
            />
            <div
              className="sinoui-date-cell"
              data-column={6}
              data-date="2020-08-01"
              data-row={1}
              style={
                Object {
                  "msGridColumn": "6",
                  "msGridRow": "1",
                }
              }
            >
              <span
                className="sinoui-date-cell-content"
                onClick={[Function]}
                role="button"
                tabIndex={0}
              >
                1
              </span>
            </div>
            <div
              className="sinoui-date-cell"
              data-column={7}
              data-date="2020-08-02"
              data-row={1}
              style={
                Object {
                  "msGridColumn": "7",
                  "msGridRow": "1",
                }
              }
            >
              <span
                className="sinoui-date-cell-content"
                onClick={[Function]}
                role="button"
                tabIndex={0}
              >
                2
              </span>
            </div>
            <div
              className="sinoui-date-cell"
              data-column={1}
              data-date="2020-08-03"
              data-row={2}
              style={
                Object {
                  "msGridColumn": "1",
                  "msGridRow": "2",
                }
              }
            >
              <span
                className="sinoui-date-cell-content"
                onClick={[Function]}
                role="button"
                tabIndex={0}
              >
                3
              </span>
            </div>
            <div
              className="sinoui-date-cell"
              data-column={2}
              data-date="2020-08-04"
              data-row={2}
              style={
                Object {
                  "msGridColumn": "2",
                  "msGridRow": "2",
                }
              }
            >
              <span
                className="sinoui-date-cell-content"
                onClick={[Function]}
                role="button"
                tabIndex={0}
              >
                4
              </span>
            </div>
            <div
              className="sinoui-date-cell"
              data-column={3}
              data-date="2020-08-05"
              data-row={2}
              style={
                Object {
                  "msGridColumn": "3",
                  "msGridRow": "2",
                }
              }
            >
              <span
                className="sinoui-date-cell-content"
                onClick={[Function]}
                role="button"
                tabIndex={0}
              >
                5
              </span>
            </div>
            <div
              className="sinoui-date-cell"
              data-column={4}
              data-date="2020-08-06"
              data-row={2}
              style={
                Object {
                  "msGridColumn": "4",
                  "msGridRow": "2",
                }
              }
            >
              <span
                className="sinoui-date-cell-content"
                onClick={[Function]}
                role="button"
                tabIndex={0}
              >
                6
              </span>
            </div>
            <div
              className="sinoui-date-cell"
              data-column={5}
              data-date="2020-08-07"
              data-row={2}
              style={
                Object {
                  "msGridColumn": "5",
                  "msGridRow": "2",
                }
              }
            >
              <span
                className="sinoui-date-cell-content"
                onClick={[Function]}
                role="button"
                tabIndex={0}
              >
                7
              </span>
            </div>
            <div
              className="sinoui-date-cell"
              data-column={6}
              data-date="2020-08-08"
              data-row={2}
              style={
                Object {
                  "msGridColumn": "6",
                  "msGridRow": "2",
                }
              }
            >
              <span
                className="sinoui-date-cell-content"
                onClick={[Function]}
                role="button"
                tabIndex={0}
              >
                8
              </span>
            </div>
            <div
              className="sinoui-date-cell"
              data-column={7}
              data-date="2020-08-09"
              data-row={2}
              style={
                Object {
                  "msGridColumn": "7",
                  "msGridRow": "2",
                }
              }
            >
              <span
                className="sinoui-date-cell-content"
                onClick={[Function]}
                role="button"
                tabIndex={0}
              >
                9
              </span>
            </div>
            <div
              className="sinoui-date-cell"
              data-column={1}
              data-date="2020-08-10"
              data-row={3}
              style={
                Object {
                  "msGridColumn": "1",
                  "msGridRow": "3",
                }
              }
            >
              <span
                className="sinoui-date-cell-content"
                onClick={[Function]}
                role="button"
                tabIndex={0}
              >
                10
              </span>
            </div>
            <div
              className="sinoui-date-cell"
              data-column={2}
              data-date="2020-08-11"
              data-row={3}
              style={
                Object {
                  "msGridColumn": "2",
                  "msGridRow": "3",
                }
              }
            >
              <span
                className="sinoui-date-cell-content"
                onClick={[Function]}
                role="button"
                tabIndex={0}
              >
                11
              </span>
            </div>
            <div
              className="sinoui-date-cell"
              data-column={3}
              data-date="2020-08-12"
              data-row={3}
              style={
                Object {
                  "msGridColumn": "3",
                  "msGridRow": "3",
                }
              }
            >
              <span
                className="sinoui-date-cell-content"
                onClick={[Function]}
                role="button"
                tabIndex={0}
              >
                12
              </span>
            </div>
            <div
              className="sinoui-date-cell"
              data-column={4}
              data-date="2020-08-13"
              data-row={3}
              style={
                Object {
                  "msGridColumn": "4",
                  "msGridRow": "3",
                }
              }
            >
              <span
                className="sinoui-date-cell-content"
                onClick={[Function]}
                role="button"
                tabIndex={0}
              >
                13
              </span>
            </div>
            <div
              className="sinoui-date-cell"
              data-column={5}
              data-date="2020-08-14"
              data-row={3}
              style={
                Object {
                  "msGridColumn": "5",
                  "msGridRow": "3",
                }
              }
            >
              <span
                className="sinoui-date-cell-content"
                onClick={[Function]}
                role="button"
                tabIndex={0}
              >
                14
              </span>
            </div>
            <div
              className="sinoui-date-cell"
              data-column={6}
              data-date="2020-08-15"
              data-row={3}
              style={
                Object {
                  "msGridColumn": "6",
                  "msGridRow": "3",
                }
              }
            >
              <span
                className="sinoui-date-cell-content"
                onClick={[Function]}
                role="button"
                tabIndex={0}
              >
                15
              </span>
            </div>
            <div
              className="sinoui-date-cell"
              data-column={7}
              data-date="2020-08-16"
              data-row={3}
              style={
                Object {
                  "msGridColumn": "7",
                  "msGridRow": "3",
                }
              }
            >
              <span
                className="sinoui-date-cell-content"
                onClick={[Function]}
                role="button"
                tabIndex={0}
              >
                16
              </span>
            </div>
            <div
              className="sinoui-date-cell"
              data-column={1}
              data-date="2020-08-17"
              data-row={4}
              style={
                Object {
                  "msGridColumn": "1",
                  "msGridRow": "4",
                }
              }
            >
              <span
                className="sinoui-date-cell-content"
                onClick={[Function]}
                role="button"
                tabIndex={0}
              >
                17
              </span>
            </div>
            <div
              className="sinoui-date-cell"
              data-column={2}
              data-date="2020-08-18"
              data-row={4}
              style={
                Object {
                  "msGridColumn": "2",
                  "msGridRow": "4",
                }
              }
            >
              <span
                className="sinoui-date-cell-content"
                onClick={[Function]}
                role="button"
                tabIndex={0}
              >
                18
              </span>
            </div>
            <div
              className="sinoui-date-cell"
              data-column={3}
              data-date="2020-08-19"
              data-row={4}
              style={
                Object {
                  "msGridColumn": "3",
                  "msGridRow": "4",
                }
              }
            >
              <span
                className="sinoui-date-cell-content"
                onClick={[Function]}
                role="button"
                tabIndex={0}
              >
                19
              </span>
            </div>
            <div
              className="sinoui-date-cell"
              data-column={4}
              data-date="2020-08-20"
              data-row={4}
              style={
                Object {
                  "msGridColumn": "4",
                  "msGridRow": "4",
                }
              }
            >
              <span
                className="sinoui-date-cell-content"
                onClick={[Function]}
                role="button"
                tabIndex={0}
              >
                20
              </span>
            </div>
            <div
              className="sinoui-date-cell"
              data-column={5}
              data-date="2020-08-21"
              data-row={4}
              style={
                Object {
                  "msGridColumn": "5",
                  "msGridRow": "4",
                }
              }
            >
              <span
                className="sinoui-date-cell-content"
                onClick={[Function]}
                role="button"
                tabIndex={0}
              >
                21
              </span>
            </div>
            <div
              className="sinoui-date-cell"
              data-column={6}
              data-date="2020-08-22"
              data-row={4}
              style={
                Object {
                  "msGridColumn": "6",
                  "msGridRow": "4",
                }
              }
            >
              <span
                className="sinoui-date-cell-content"
                onClick={[Function]}
                role="button"
                tabIndex={0}
              >
                22
              </span>
            </div>
            <div
              className="sinoui-date-cell"
              data-column={7}
              data-date="2020-08-23"
              data-row={4}
              style={
                Object {
                  "msGridColumn": "7",
                  "msGridRow": "4",
                }
              }
            >
              <span
                className="sinoui-date-cell-content"
                onClick={[Function]}
                role="button"
                tabIndex={0}
              >
                23
              </span>
            </div>
            <div
              className="sinoui-date-cell"
              data-column={1}
              data-date="2020-08-24"
              data-row={5}
              style={
                Object {
                  "msGridColumn": "1",
                  "msGridRow": "5",
                }
              }
            >
              <span
                className="sinoui-date-cell-content"
                onClick={[Function]}
                role="button"
                tabIndex={0}
              >
                24
              </span>
            </div>
            <div
              className="sinoui-date-cell"
              data-column={2}
              data-date="2020-08-25"
              data-row={5}
              style={
                Object {
                  "msGridColumn": "2",
                  "msGridRow": "5",
                }
              }
            >
              <span
                className="sinoui-date-cell-content"
                onClick={[Function]}
                role="button"
                tabIndex={0}
              >
                25
              </span>
            </div>
            <div
              className="sinoui-date-cell"
              data-column={3}
              data-date="2020-08-26"
              data-row={5}
              style={
                Object {
                  "msGridColumn": "3",
                  "msGridRow": "5",
                }
              }
            >
              <span
                className="sinoui-date-cell-content"
                onClick={[Function]}
                role="button"
                tabIndex={0}
              >
                26
              </span>
            </div>
            <div
              className="sinoui-date-cell"
              data-column={4}
              data-date="2020-08-27"
              data-row={5}
              style={
                Object {
                  "msGridColumn": "4",
                  "msGridRow": "5",
                }
              }
            >
              <span
                className="sinoui-date-cell-content"
                onClick={[Function]}
                role="button"
                tabIndex={0}
              >
                27
              </span>
            </div>
            <div
              className="sinoui-date-cell"
              data-column={5}
              data-date="2020-08-28"
              data-row={5}
              style={
                Object {
                  "msGridColumn": "5",
                  "msGridRow": "5",
                }
              }
            >
              <span
                className="sinoui-date-cell-content"
                onClick={[Function]}
                role="button"
                tabIndex={0}
              >
                28
              </span>
            </div>
            <div
              className="sinoui-date-cell"
              data-column={6}
              data-date="2020-08-29"
              data-row={5}
              style={
                Object {
                  "msGridColumn": "6",
                  "msGridRow": "5",
                }
              }
            >
              <span
                className="sinoui-date-cell-content"
                onClick={[Function]}
                role="button"
                tabIndex={0}
              >
                29
              </span>
            </div>
            <div
              className="sinoui-date-cell"
              data-column={7}
              data-date="2020-08-30"
              data-row={5}
              style={
                Object {
                  "msGridColumn": "7",
                  "msGridRow": "5",
                }
              }
            >
              <span
                className="sinoui-date-cell-content"
                onClick={[Function]}
                role="button"
                tabIndex={0}
              >
                30
              </span>
            </div>
            <div
              className="sinoui-date-cell"
              data-column={1}
              data-date="2020-08-31"
              data-row={6}
              style={
                Object {
                  "msGridColumn": "1",
                  "msGridRow": "6",
                }
              }
            >
              <span
                className="sinoui-date-cell-content"
                onClick={[Function]}
                role="button"
                tabIndex={0}
              >
                31
              </span>
            </div>
          </div>
        </div>
      </div>
    </div>
  </div>
</div>
`;
